#Packing pin usage report
Type: io
	Input Pin Usage:
		Max: 1.00 (0.50)
		Avg: 0.54 (0.27)
		Min: 0.00 (0.00)
		Histogram:
		[        0:      0.2) 169 ( 46.2%) |****************************************
		[      0.2:      0.4)   0 (  0.0%) |
		[      0.4:      0.6)   0 (  0.0%) |
		[      0.6:      0.8)   0 (  0.0%) |
		[      0.8:        1) 197 ( 53.8%) |***********************************************
		[        1:      1.2)   0 (  0.0%) |
		[      1.2:      1.4)   0 (  0.0%) |
		[      1.4:      1.6)   0 (  0.0%) |
		[      1.6:      1.8)   0 (  0.0%) |
		[      1.8:        2)   0 (  0.0%) |
	Output Pin Usage:
		Max: 1.00 (1.00)
		Avg: 0.46 (0.46)
		Min: 0.00 (0.00)
		Histogram:
		[        0:      0.1) 197 ( 53.8%) |***********************************************
		[      0.1:      0.2)   0 (  0.0%) |
		[      0.2:      0.3)   0 (  0.0%) |
		[      0.3:      0.4)   0 (  0.0%) |
		[      0.4:      0.5)   0 (  0.0%) |
		[      0.5:      0.6)   0 (  0.0%) |
		[      0.6:      0.7)   0 (  0.0%) |
		[      0.7:      0.8)   0 (  0.0%) |
		[      0.8:      0.9)   0 (  0.0%) |
		[      0.9:        1) 169 ( 46.2%) |****************************************

Type: clb
	Input Pin Usage:
		Max: 10.00 (0.83)
		Avg: 5.12 (0.43)
		Min: 0.00 (0.00)
		Histogram:
		[        0:      1.2)   17 (  0.5%) |*
		[      1.2:      2.4)  151 (  4.6%) |******
		[      2.4:      3.6) 1157 ( 35.0%) |**********************************************
		[      3.6:      4.8)  477 ( 14.4%) |*******************
		[      4.8:        6)  663 ( 20.0%) |**************************
		[        6:      7.2)   98 (  3.0%) |****
		[      7.2:      8.4)  131 (  4.0%) |*****
		[      8.4:      9.6)  183 (  5.5%) |*******
		[      9.6:       11)  432 ( 13.1%) |*****************
		[       11:       12)    0 (  0.0%) |
	Output Pin Usage:
		Max: 5.00 (1.00)
		Avg: 2.50 (0.50)
		Min: 1.00 (0.20)
		Histogram:
		[        0:      0.5)    0 (  0.0%) |
		[      0.5:        1)  744 ( 22.5%) |******************************
		[        1:      1.5)    0 (  0.0%) |
		[      1.5:        2) 1131 ( 34.2%) |**********************************************
		[        2:      2.5)    0 (  0.0%) |
		[      2.5:        3)  738 ( 22.3%) |******************************
		[        3:      3.5)    0 (  0.0%) |
		[      3.5:        4)  437 ( 13.2%) |******************
		[        4:      4.5)    0 (  0.0%) |
		[      4.5:        5)  259 (  7.8%) |***********

