#Timing report of worst 35 path(s)
# Unit scale: 1e-09 seconds
# Output precision: 3

#Path 1
Startpoint: i_9_.inpad[0] (.input clocked by virtual_io_clock)
Endpoint  : out:o_24_.outpad[0] (.output clocked by virtual_io_clock)
Path Type : setup

Point                                                             Incr      Path
--------------------------------------------------------------------------------
clock virtual_io_clock (rise edge)                               0.000     0.000
clock source latency                                             0.000     0.000
input external delay                                             0.000     0.000
i_9_.inpad[0] (.input)                                           0.000     0.000
n_n793.in[0] (.names)                                            1.338     1.338
n_n793.out[0] (.names)                                           0.195     1.533
n_n777.in[2] (.names)                                            1.338     2.871
n_n777.out[0] (.names)                                           0.195     3.066
[1661].in[0] (.names)                                            1.338     4.403
[1661].out[0] (.names)                                           0.195     4.598
n_n1607.in[0] (.names)                                           1.338     5.936
n_n1607.out[0] (.names)                                          0.195     6.131
[223].in[0] (.names)                                             1.338     7.469
[223].out[0] (.names)                                            0.195     7.664
n_n1571.in[0] (.names)                                           1.338     9.002
n_n1571.out[0] (.names)                                          0.195     9.197
o_24_.in[2] (.names)                                             1.338    10.534
o_24_.out[0] (.names)                                            0.195    10.729
out:o_24_.outpad[0] (.output)                                    1.338    12.067
data arrival time                                                         12.067

clock virtual_io_clock (rise edge)                               0.000     0.000
clock source latency                                             0.000     0.000
clock uncertainty                                                0.000     0.000
output external delay                                            0.000     0.000
data required time                                                         0.000
--------------------------------------------------------------------------------
data required time                                                         0.000
data arrival time                                                        -12.067
--------------------------------------------------------------------------------
slack (VIOLATED)                                                         -12.067


#Path 2
Startpoint: i_7_.inpad[0] (.input clocked by virtual_io_clock)
Endpoint  : out:o_25_.outpad[0] (.output clocked by virtual_io_clock)
Path Type : setup

Point                                                             Incr      Path
--------------------------------------------------------------------------------
clock virtual_io_clock (rise edge)                               0.000     0.000
clock source latency                                             0.000     0.000
input external delay                                             0.000     0.000
i_7_.inpad[0] (.input)                                           0.000     0.000
n_n850.in[0] (.names)                                            1.338     1.338
n_n850.out[0] (.names)                                           0.195     1.533
[329].in[2] (.names)                                             1.338     2.871
[329].out[0] (.names)                                            0.195     3.066
[6956].in[1] (.names)                                            1.338     4.403
[6956].out[0] (.names)                                           0.195     4.598
[185].in[0] (.names)                                             1.338     5.936
[185].out[0] (.names)                                            0.195     6.131
n_n1603.in[0] (.names)                                           1.338     7.469
n_n1603.out[0] (.names)                                          0.195     7.664
o_25_.in[1] (.names)                                             1.338     9.002
o_25_.out[0] (.names)                                            0.195     9.197
out:o_25_.outpad[0] (.output)                                    1.338    10.534
data arrival time                                                         10.534

clock virtual_io_clock (rise edge)                               0.000     0.000
clock source latency                                             0.000     0.000
clock uncertainty                                                0.000     0.000
output external delay                                            0.000     0.000
data required time                                                         0.000
--------------------------------------------------------------------------------
data required time                                                         0.000
data arrival time                                                        -10.534
--------------------------------------------------------------------------------
slack (VIOLATED)                                                         -10.534


#Path 3
Startpoint: i_5_.inpad[0] (.input clocked by virtual_io_clock)
Endpoint  : out:o_3_.outpad[0] (.output clocked by virtual_io_clock)
Path Type : setup

Point                                                             Incr      Path
--------------------------------------------------------------------------------
clock virtual_io_clock (rise edge)                               0.000     0.000
clock source latency                                             0.000     0.000
input external delay                                             0.000     0.000
i_5_.inpad[0] (.input)                                           0.000     0.000
n_n947.in[0] (.names)                                            1.338     1.338
n_n947.out[0] (.names)                                           0.195     1.533
[306].in[2] (.names)                                             1.338     2.871
[306].out[0] (.names)                                            0.195     3.066
[297].in[1] (.names)                                             1.338     4.403
[297].out[0] (.names)                                            0.195     4.598
n_n1197.in[2] (.names)                                           1.338     5.936
n_n1197.out[0] (.names)                                          0.195     6.131
n_n1187.in[0] (.names)                                           1.338     7.469
n_n1187.out[0] (.names)                                          0.195     7.664
o_3_.in[0] (.names)                                              1.338     9.002
o_3_.out[0] (.names)                                             0.195     9.197
out:o_3_.outpad[0] (.output)                                     1.338    10.534
data arrival time                                                         10.534

clock virtual_io_clock (rise edge)                               0.000     0.000
clock source latency                                             0.000     0.000
clock uncertainty                                                0.000     0.000
output external delay                                            0.000     0.000
data required time                                                         0.000
--------------------------------------------------------------------------------
data required time                                                         0.000
data arrival time                                                        -10.534
--------------------------------------------------------------------------------
slack (VIOLATED)                                                         -10.534


#Path 4
Startpoint: i_34_.inpad[0] (.input clocked by virtual_io_clock)
Endpoint  : out:o_17_.outpad[0] (.output clocked by virtual_io_clock)
Path Type : setup

Point                                                             Incr      Path
--------------------------------------------------------------------------------
clock virtual_io_clock (rise edge)                               0.000     0.000
clock source latency                                             0.000     0.000
input external delay                                             0.000     0.000
i_34_.inpad[0] (.input)                                          0.000     0.000
n_n979.in[0] (.names)                                            1.338     1.338
n_n979.out[0] (.names)                                           0.195     1.533
[642].in[0] (.names)                                             1.338     2.871
[642].out[0] (.names)                                            0.195     3.066
[1205].in[2] (.names)                                            1.338     4.403
[1205].out[0] (.names)                                           0.195     4.598
n_n1414.in[1] (.names)                                           1.338     5.936
n_n1414.out[0] (.names)                                          0.195     6.131
n_n1408.in[0] (.names)                                           1.338     7.469
n_n1408.out[0] (.names)                                          0.195     7.664
o_17_.in[0] (.names)                                             1.338     9.002
o_17_.out[0] (.names)                                            0.195     9.197
out:o_17_.outpad[0] (.output)                                    1.338    10.534
data arrival time                                                         10.534

clock virtual_io_clock (rise edge)                               0.000     0.000
clock source latency                                             0.000     0.000
clock uncertainty                                                0.000     0.000
output external delay                                            0.000     0.000
data required time                                                         0.000
--------------------------------------------------------------------------------
data required time                                                         0.000
data arrival time                                                        -10.534
--------------------------------------------------------------------------------
slack (VIOLATED)                                                         -10.534


#Path 5
Startpoint: i_7_.inpad[0] (.input clocked by virtual_io_clock)
Endpoint  : out:o_20_.outpad[0] (.output clocked by virtual_io_clock)
Path Type : setup

Point                                                             Incr      Path
--------------------------------------------------------------------------------
clock virtual_io_clock (rise edge)                               0.000     0.000
clock source latency                                             0.000     0.000
input external delay                                             0.000     0.000
i_7_.inpad[0] (.input)                                           0.000     0.000
n_n685.in[0] (.names)                                            1.338     1.338
n_n685.out[0] (.names)                                           0.195     1.533
[392].in[0] (.names)                                             1.338     2.871
[392].out[0] (.names)                                            0.195     3.066
[1061].in[1] (.names)                                            1.338     4.403
[1061].out[0] (.names)                                           0.195     4.598
n_n1489.in[0] (.names)                                           1.338     5.936
n_n1489.out[0] (.names)                                          0.195     6.131
[7508].in[0] (.names)                                            1.338     7.469
[7508].out[0] (.names)                                           0.195     7.664
o_20_.in[2] (.names)                                             1.338     9.002
o_20_.out[0] (.names)                                            0.195     9.197
out:o_20_.outpad[0] (.output)                                    1.338    10.534
data arrival time                                                         10.534

clock virtual_io_clock (rise edge)                               0.000     0.000
clock source latency                                             0.000     0.000
clock uncertainty                                                0.000     0.000
output external delay                                            0.000     0.000
data required time                                                         0.000
--------------------------------------------------------------------------------
data required time                                                         0.000
data arrival time                                                        -10.534
--------------------------------------------------------------------------------
slack (VIOLATED)                                                         -10.534


#Path 6
Startpoint: i_34_.inpad[0] (.input clocked by virtual_io_clock)
Endpoint  : out:o_1_.outpad[0] (.output clocked by virtual_io_clock)
Path Type : setup

Point                                                             Incr      Path
--------------------------------------------------------------------------------
clock virtual_io_clock (rise edge)                               0.000     0.000
clock source latency                                             0.000     0.000
input external delay                                             0.000     0.000
i_34_.inpad[0] (.input)                                          0.000     0.000
n_n1047.in[0] (.names)                                           1.338     1.338
n_n1047.out[0] (.names)                                          0.195     1.533
[1915].in[0] (.names)                                            1.338     2.871
[1915].out[0] (.names)                                           0.195     3.066
[1912].in[1] (.names)                                            1.338     4.403
[1912].out[0] (.names)                                           0.195     4.598
n_n1135.in[0] (.names)                                           1.338     5.936
n_n1135.out[0] (.names)                                          0.195     6.131
[6759].in[0] (.names)                                            1.338     7.469
[6759].out[0] (.names)                                           0.195     7.664
o_1_.in[1] (.names)                                              1.338     9.002
o_1_.out[0] (.names)                                             0.195     9.197
out:o_1_.outpad[0] (.output)                                     1.338    10.534
data arrival time                                                         10.534

clock virtual_io_clock (rise edge)                               0.000     0.000
clock source latency                                             0.000     0.000
clock uncertainty                                                0.000     0.000
output external delay                                            0.000     0.000
data required time                                                         0.000
--------------------------------------------------------------------------------
data required time                                                         0.000
data arrival time                                                        -10.534
--------------------------------------------------------------------------------
slack (VIOLATED)                                                         -10.534


#Path 7
Startpoint: i_32_.inpad[0] (.input clocked by virtual_io_clock)
Endpoint  : out:o_0_.outpad[0] (.output clocked by virtual_io_clock)
Path Type : setup

Point                                                             Incr      Path
--------------------------------------------------------------------------------
clock virtual_io_clock (rise edge)                               0.000     0.000
clock source latency                                             0.000     0.000
input external delay                                             0.000     0.000
i_32_.inpad[0] (.input)                                          0.000     0.000
[76].in[0] (.names)                                              1.338     1.338
[76].out[0] (.names)                                             0.195     1.533
n_n334.in[1] (.names)                                            1.338     2.871
n_n334.out[0] (.names)                                           0.195     3.066
[1766].in[3] (.names)                                            1.338     4.403
[1766].out[0] (.names)                                           0.195     4.598
n_n1091.in[0] (.names)                                           1.338     5.936
n_n1091.out[0] (.names)                                          0.195     6.131
n_n1081.in[0] (.names)                                           1.338     7.469
n_n1081.out[0] (.names)                                          0.195     7.664
o_0_.in[0] (.names)                                              1.338     9.002
o_0_.out[0] (.names)                                             0.195     9.197
out:o_0_.outpad[0] (.output)                                     1.338    10.534
data arrival time                                                         10.534

clock virtual_io_clock (rise edge)                               0.000     0.000
clock source latency                                             0.000     0.000
clock uncertainty                                                0.000     0.000
output external delay                                            0.000     0.000
data required time                                                         0.000
--------------------------------------------------------------------------------
data required time                                                         0.000
data arrival time                                                        -10.534
--------------------------------------------------------------------------------
slack (VIOLATED)                                                         -10.534


#Path 8
Startpoint: i_9_.inpad[0] (.input clocked by virtual_io_clock)
Endpoint  : out:o_27_.outpad[0] (.output clocked by virtual_io_clock)
Path Type : setup

Point                                                             Incr      Path
--------------------------------------------------------------------------------
clock virtual_io_clock (rise edge)                               0.000     0.000
clock source latency                                             0.000     0.000
input external delay                                             0.000     0.000
i_9_.inpad[0] (.input)                                           0.000     0.000
n_n793.in[0] (.names)                                            1.338     1.338
n_n793.out[0] (.names)                                           0.195     1.533
n_n777.in[2] (.names)                                            1.338     2.871
n_n777.out[0] (.names)                                           0.195     3.066
[1661].in[0] (.names)                                            1.338     4.403
[1661].out[0] (.names)                                           0.195     4.598
n_n1607.in[0] (.names)                                           1.338     5.936
n_n1607.out[0] (.names)                                          0.195     6.131
[7040].in[0] (.names)                                            1.338     7.469
[7040].out[0] (.names)                                           0.195     7.664
o_27_.in[3] (.names)                                             1.338     9.002
o_27_.out[0] (.names)                                            0.195     9.197
out:o_27_.outpad[0] (.output)                                    1.338    10.534
data arrival time                                                         10.534

clock virtual_io_clock (rise edge)                               0.000     0.000
clock source latency                                             0.000     0.000
clock uncertainty                                                0.000     0.000
output external delay                                            0.000     0.000
data required time                                                         0.000
--------------------------------------------------------------------------------
data required time                                                         0.000
data arrival time                                                        -10.534
--------------------------------------------------------------------------------
slack (VIOLATED)                                                         -10.534


#Path 9
Startpoint: i_40_.inpad[0] (.input clocked by virtual_io_clock)
Endpoint  : out:o_34_.outpad[0] (.output clocked by virtual_io_clock)
Path Type : setup

Point                                                             Incr      Path
--------------------------------------------------------------------------------
clock virtual_io_clock (rise edge)                               0.000     0.000
clock source latency                                             0.000     0.000
input external delay                                             0.000     0.000
i_40_.inpad[0] (.input)                                          0.000     0.000
n_n1072.in[0] (.names)                                           1.338     1.338
n_n1072.out[0] (.names)                                          0.195     1.533
[1570].in[2] (.names)                                            1.338     2.871
[1570].out[0] (.names)                                           0.195     3.066
[826].in[1] (.names)                                             1.338     4.403
[826].out[0] (.names)                                            0.195     4.598
n_n1716.in[1] (.names)                                           1.338     5.936
n_n1716.out[0] (.names)                                          0.195     6.131
n_n1711.in[0] (.names)                                           1.338     7.469
n_n1711.out[0] (.names)                                          0.195     7.664
o_34_.in[0] (.names)                                             1.338     9.002
o_34_.out[0] (.names)                                            0.195     9.197
out:o_34_.outpad[0] (.output)                                    1.338    10.534
data arrival time                                                         10.534

clock virtual_io_clock (rise edge)                               0.000     0.000
clock source latency                                             0.000     0.000
clock uncertainty                                                0.000     0.000
output external delay                                            0.000     0.000
data required time                                                         0.000
--------------------------------------------------------------------------------
data required time                                                         0.000
data arrival time                                                        -10.534
--------------------------------------------------------------------------------
slack (VIOLATED)                                                         -10.534


#Path 10
Startpoint: i_36_.inpad[0] (.input clocked by virtual_io_clock)
Endpoint  : out:o_33_.outpad[0] (.output clocked by virtual_io_clock)
Path Type : setup

Point                                                             Incr      Path
--------------------------------------------------------------------------------
clock virtual_io_clock (rise edge)                               0.000     0.000
clock source latency                                             0.000     0.000
input external delay                                             0.000     0.000
i_36_.inpad[0] (.input)                                          0.000     0.000
n_n985.in[0] (.names)                                            1.338     1.338
n_n985.out[0] (.names)                                           0.195     1.533
[473].in[0] (.names)                                             1.338     2.871
[473].out[0] (.names)                                            0.195     3.066
n_n1374.in[1] (.names)                                           1.338     4.403
n_n1374.out[0] (.names)                                          0.195     4.598
[7139].in[1] (.names)                                            1.338     5.936
[7139].out[0] (.names)                                           0.195     6.131
n_n1672.in[2] (.names)                                           1.338     7.469
n_n1672.out[0] (.names)                                          0.195     7.664
o_33_.in[0] (.names)                                             1.338     9.002
o_33_.out[0] (.names)                                            0.195     9.197
out:o_33_.outpad[0] (.output)                                    1.338    10.534
data arrival time                                                         10.534

clock virtual_io_clock (rise edge)                               0.000     0.000
clock source latency                                             0.000     0.000
clock uncertainty                                                0.000     0.000
output external delay                                            0.000     0.000
data required time                                                         0.000
--------------------------------------------------------------------------------
data required time                                                         0.000
data arrival time                                                        -10.534
--------------------------------------------------------------------------------
slack (VIOLATED)                                                         -10.534


#Path 11
Startpoint: i_39_.inpad[0] (.input clocked by virtual_io_clock)
Endpoint  : out:o_18_.outpad[0] (.output clocked by virtual_io_clock)
Path Type : setup

Point                                                             Incr      Path
--------------------------------------------------------------------------------
clock virtual_io_clock (rise edge)                               0.000     0.000
clock source latency                                             0.000     0.000
input external delay                                             0.000     0.000
i_39_.inpad[0] (.input)                                          0.000     0.000
n_n1011.in[0] (.names)                                           1.338     1.338
n_n1011.out[0] (.names)                                          0.195     1.533
[721].in[1] (.names)                                             1.338     2.871
[721].out[0] (.names)                                            0.195     3.066
[1277].in[2] (.names)                                            1.338     4.403
[1277].out[0] (.names)                                           0.195     4.598
n_n1453.in[2] (.names)                                           1.338     5.936
n_n1453.out[0] (.names)                                          0.195     6.131
n_n1445.in[0] (.names)                                           1.338     7.469
n_n1445.out[0] (.names)                                          0.195     7.664
o_18_.in[0] (.names)                                             1.338     9.002
o_18_.out[0] (.names)                                            0.195     9.197
out:o_18_.outpad[0] (.output)                                    1.338    10.534
data arrival time                                                         10.534

clock virtual_io_clock (rise edge)                               0.000     0.000
clock source latency                                             0.000     0.000
clock uncertainty                                                0.000     0.000
output external delay                                            0.000     0.000
data required time                                                         0.000
--------------------------------------------------------------------------------
data required time                                                         0.000
data arrival time                                                        -10.534
--------------------------------------------------------------------------------
slack (VIOLATED)                                                         -10.534


#Path 12
Startpoint: i_39_.inpad[0] (.input clocked by virtual_io_clock)
Endpoint  : out:o_5_.outpad[0] (.output clocked by virtual_io_clock)
Path Type : setup

Point                                                             Incr      Path
--------------------------------------------------------------------------------
clock virtual_io_clock (rise edge)                               0.000     0.000
clock source latency                                             0.000     0.000
input external delay                                             0.000     0.000
i_39_.inpad[0] (.input)                                          0.000     0.000
n_n833.in[0] (.names)                                            1.338     1.338
n_n833.out[0] (.names)                                           0.195     1.533
[176].in[1] (.names)                                             1.338     2.871
[176].out[0] (.names)                                            0.195     3.066
[7559].in[0] (.names)                                            1.338     4.403
[7559].out[0] (.names)                                           0.195     4.598
n_n1280.in[2] (.names)                                           1.338     5.936
n_n1280.out[0] (.names)                                          0.195     6.131
n_n1272.in[0] (.names)                                           1.338     7.469
n_n1272.out[0] (.names)                                          0.195     7.664
o_5_.in[0] (.names)                                              1.338     9.002
o_5_.out[0] (.names)                                             0.195     9.197
out:o_5_.outpad[0] (.output)                                     1.338    10.534
data arrival time                                                         10.534

clock virtual_io_clock (rise edge)                               0.000     0.000
clock source latency                                             0.000     0.000
clock uncertainty                                                0.000     0.000
output external delay                                            0.000     0.000
data required time                                                         0.000
--------------------------------------------------------------------------------
data required time                                                         0.000
data arrival time                                                        -10.534
--------------------------------------------------------------------------------
slack (VIOLATED)                                                         -10.534


#Path 13
Startpoint: i_32_.inpad[0] (.input clocked by virtual_io_clock)
Endpoint  : out:o_6_.outpad[0] (.output clocked by virtual_io_clock)
Path Type : setup

Point                                                             Incr      Path
--------------------------------------------------------------------------------
clock virtual_io_clock (rise edge)                               0.000     0.000
clock source latency                                             0.000     0.000
input external delay                                             0.000     0.000
i_32_.inpad[0] (.input)                                          0.000     0.000
[45].in[0] (.names)                                              1.338     1.338
[45].out[0] (.names)                                             0.195     1.533
[845].in[1] (.names)                                             1.338     2.871
[845].out[0] (.names)                                            0.195     3.066
[756].in[1] (.names)                                             1.338     4.403
[756].out[0] (.names)                                            0.195     4.598
[536].in[2] (.names)                                             1.338     5.936
[536].out[0] (.names)                                            0.195     6.131
n_n1323.in[0] (.names)                                           1.338     7.469
n_n1323.out[0] (.names)                                          0.195     7.664
o_6_.in[2] (.names)                                              1.338     9.002
o_6_.out[0] (.names)                                             0.195     9.197
out:o_6_.outpad[0] (.output)                                     1.338    10.534
data arrival time                                                         10.534

clock virtual_io_clock (rise edge)                               0.000     0.000
clock source latency                                             0.000     0.000
clock uncertainty                                                0.000     0.000
output external delay                                            0.000     0.000
data required time                                                         0.000
--------------------------------------------------------------------------------
data required time                                                         0.000
data arrival time                                                        -10.534
--------------------------------------------------------------------------------
slack (VIOLATED)                                                         -10.534


#Path 14
Startpoint: i_40_.inpad[0] (.input clocked by virtual_io_clock)
Endpoint  : out:o_4_.outpad[0] (.output clocked by virtual_io_clock)
Path Type : setup

Point                                                             Incr      Path
--------------------------------------------------------------------------------
clock virtual_io_clock (rise edge)                               0.000     0.000
clock source latency                                             0.000     0.000
input external delay                                             0.000     0.000
i_40_.inpad[0] (.input)                                          0.000     0.000
n_n973.in[0] (.names)                                            1.338     1.338
n_n973.out[0] (.names)                                           0.195     1.533
[208].in[0] (.names)                                             1.338     2.871
[208].out[0] (.names)                                            0.195     3.066
[7774].in[0] (.names)                                            1.338     4.403
[7774].out[0] (.names)                                           0.195     4.598
n_n1237.in[2] (.names)                                           1.338     5.936
n_n1237.out[0] (.names)                                          0.195     6.131
n_n1233.in[0] (.names)                                           1.338     7.469
n_n1233.out[0] (.names)                                          0.195     7.664
o_4_.in[0] (.names)                                              1.338     9.002
o_4_.out[0] (.names)                                             0.195     9.197
out:o_4_.outpad[0] (.output)                                     1.338    10.534
data arrival time                                                         10.534

clock virtual_io_clock (rise edge)                               0.000     0.000
clock source latency                                             0.000     0.000
clock uncertainty                                                0.000     0.000
output external delay                                            0.000     0.000
data required time                                                         0.000
--------------------------------------------------------------------------------
data required time                                                         0.000
data arrival time                                                        -10.534
--------------------------------------------------------------------------------
slack (VIOLATED)                                                         -10.534


#Path 15
Startpoint: i_24_.inpad[0] (.input clocked by virtual_io_clock)
Endpoint  : out:o_2_.outpad[0] (.output clocked by virtual_io_clock)
Path Type : setup

Point                                                             Incr      Path
--------------------------------------------------------------------------------
clock virtual_io_clock (rise edge)                               0.000     0.000
clock source latency                                             0.000     0.000
input external delay                                             0.000     0.000
i_24_.inpad[0] (.input)                                          0.000     0.000
n_n945.in[0] (.names)                                            1.338     1.338
n_n945.out[0] (.names)                                           0.195     1.533
[6791].in[0] (.names)                                            1.338     2.871
[6791].out[0] (.names)                                           0.195     3.066
[1844].in[2] (.names)                                            1.338     4.403
[1844].out[0] (.names)                                           0.195     4.598
n_n1165.in[0] (.names)                                           1.338     5.936
n_n1165.out[0] (.names)                                          0.195     6.131
o_2_.in[0] (.names)                                              1.338     7.469
o_2_.out[0] (.names)                                             0.195     7.664
out:o_2_.outpad[0] (.output)                                     1.338     9.002
data arrival time                                                          9.002

clock virtual_io_clock (rise edge)                               0.000     0.000
clock source latency                                             0.000     0.000
clock uncertainty                                                0.000     0.000
output external delay                                            0.000     0.000
data required time                                                         0.000
--------------------------------------------------------------------------------
data required time                                                         0.000
data arrival time                                                         -9.002
--------------------------------------------------------------------------------
slack (VIOLATED)                                                          -9.002


#Path 16
Startpoint: i_34_.inpad[0] (.input clocked by virtual_io_clock)
Endpoint  : out:o_23_.outpad[0] (.output clocked by virtual_io_clock)
Path Type : setup

Point                                                             Incr      Path
--------------------------------------------------------------------------------
clock virtual_io_clock (rise edge)                               0.000     0.000
clock source latency                                             0.000     0.000
input external delay                                             0.000     0.000
i_34_.inpad[0] (.input)                                          0.000     0.000
n_n991.in[0] (.names)                                            1.338     1.338
n_n991.out[0] (.names)                                           0.195     1.533
[1362].in[3] (.names)                                            1.338     2.871
[1362].out[0] (.names)                                           0.195     3.066
[1356].in[1] (.names)                                            1.338     4.403
[1356].out[0] (.names)                                           0.195     4.598
n_n1549.in[0] (.names)                                           1.338     5.936
n_n1549.out[0] (.names)                                          0.195     6.131
o_23_.in[0] (.names)                                             1.338     7.469
o_23_.out[0] (.names)                                            0.195     7.664
out:o_23_.outpad[0] (.output)                                    1.338     9.002
data arrival time                                                          9.002

clock virtual_io_clock (rise edge)                               0.000     0.000
clock source latency                                             0.000     0.000
clock uncertainty                                                0.000     0.000
output external delay                                            0.000     0.000
data required time                                                         0.000
--------------------------------------------------------------------------------
data required time                                                         0.000
data arrival time                                                         -9.002
--------------------------------------------------------------------------------
slack (VIOLATED)                                                          -9.002


#Path 17
Startpoint: i_34_.inpad[0] (.input clocked by virtual_io_clock)
Endpoint  : out:o_22_.outpad[0] (.output clocked by virtual_io_clock)
Path Type : setup

Point                                                             Incr      Path
--------------------------------------------------------------------------------
clock virtual_io_clock (rise edge)                               0.000     0.000
clock source latency                                             0.000     0.000
input external delay                                             0.000     0.000
i_34_.inpad[0] (.input)                                          0.000     0.000
n_n1047.in[0] (.names)                                           1.338     1.338
n_n1047.out[0] (.names)                                          0.195     1.533
[354].in[3] (.names)                                             1.338     2.871
[354].out[0] (.names)                                            0.195     3.066
[780].in[0] (.names)                                             1.338     4.403
[780].out[0] (.names)                                            0.195     4.598
n_n1530.in[2] (.names)                                           1.338     5.936
n_n1530.out[0] (.names)                                          0.195     6.131
o_22_.in[0] (.names)                                             1.338     7.469
o_22_.out[0] (.names)                                            0.195     7.664
out:o_22_.outpad[0] (.output)                                    1.338     9.002
data arrival time                                                          9.002

clock virtual_io_clock (rise edge)                               0.000     0.000
clock source latency                                             0.000     0.000
clock uncertainty                                                0.000     0.000
output external delay                                            0.000     0.000
data required time                                                         0.000
--------------------------------------------------------------------------------
data required time                                                         0.000
data arrival time                                                         -9.002
--------------------------------------------------------------------------------
slack (VIOLATED)                                                          -9.002


#Path 18
Startpoint: i_32_.inpad[0] (.input clocked by virtual_io_clock)
Endpoint  : out:o_30_.outpad[0] (.output clocked by virtual_io_clock)
Path Type : setup

Point                                                             Incr      Path
--------------------------------------------------------------------------------
clock virtual_io_clock (rise edge)                               0.000     0.000
clock source latency                                             0.000     0.000
input external delay                                             0.000     0.000
i_32_.inpad[0] (.input)                                          0.000     0.000
n_n1074.in[0] (.names)                                           1.338     1.338
n_n1074.out[0] (.names)                                          0.195     1.533
[476].in[2] (.names)                                             1.338     2.871
[476].out[0] (.names)                                            0.195     3.066
[1132].in[1] (.names)                                            1.338     4.403
[1132].out[0] (.names)                                           0.195     4.598
n_n1651.in[0] (.names)                                           1.338     5.936
n_n1651.out[0] (.names)                                          0.195     6.131
o_30_.in[1] (.names)                                             1.338     7.469
o_30_.out[0] (.names)                                            0.195     7.664
out:o_30_.outpad[0] (.output)                                    1.338     9.002
data arrival time                                                          9.002

clock virtual_io_clock (rise edge)                               0.000     0.000
clock source latency                                             0.000     0.000
clock uncertainty                                                0.000     0.000
output external delay                                            0.000     0.000
data required time                                                         0.000
--------------------------------------------------------------------------------
data required time                                                         0.000
data arrival time                                                         -9.002
--------------------------------------------------------------------------------
slack (VIOLATED)                                                          -9.002


#Path 19
Startpoint: i_9_.inpad[0] (.input clocked by virtual_io_clock)
Endpoint  : out:o_9_.outpad[0] (.output clocked by virtual_io_clock)
Path Type : setup

Point                                                             Incr      Path
--------------------------------------------------------------------------------
clock virtual_io_clock (rise edge)                               0.000     0.000
clock source latency                                             0.000     0.000
input external delay                                             0.000     0.000
i_9_.inpad[0] (.input)                                           0.000     0.000
n_n928.in[0] (.names)                                            1.338     1.338
n_n928.out[0] (.names)                                           0.195     1.533
[1890].in[2] (.names)                                            1.338     2.871
[1890].out[0] (.names)                                           0.195     3.066
n_n1373.in[0] (.names)                                           1.338     4.403
n_n1373.out[0] (.names)                                          0.195     4.598
[7529].in[0] (.names)                                            1.338     5.936
[7529].out[0] (.names)                                           0.195     6.131
o_9_.in[0] (.names)                                              1.338     7.469
o_9_.out[0] (.names)                                             0.195     7.664
out:o_9_.outpad[0] (.output)                                     1.338     9.002
data arrival time                                                          9.002

clock virtual_io_clock (rise edge)                               0.000     0.000
clock source latency                                             0.000     0.000
clock uncertainty                                                0.000     0.000
output external delay                                            0.000     0.000
data required time                                                         0.000
--------------------------------------------------------------------------------
data required time                                                         0.000
data arrival time                                                         -9.002
--------------------------------------------------------------------------------
slack (VIOLATED)                                                          -9.002


#Path 20
Startpoint: i_32_.inpad[0] (.input clocked by virtual_io_clock)
Endpoint  : out:o_7_.outpad[0] (.output clocked by virtual_io_clock)
Path Type : setup

Point                                                             Incr      Path
--------------------------------------------------------------------------------
clock virtual_io_clock (rise edge)                               0.000     0.000
clock source latency                                             0.000     0.000
input external delay                                             0.000     0.000
i_32_.inpad[0] (.input)                                          0.000     0.000
[382].in[0] (.names)                                             1.338     1.338
[382].out[0] (.names)                                            0.195     1.533
[140].in[0] (.names)                                             1.338     2.871
[140].out[0] (.names)                                            0.195     3.066
[7536].in[1] (.names)                                            1.338     4.403
[7536].out[0] (.names)                                           0.195     4.598
[7540].in[3] (.names)                                            1.338     5.936
[7540].out[0] (.names)                                           0.195     6.131
o_7_.in[0] (.names)                                              1.338     7.469
o_7_.out[0] (.names)                                             0.195     7.664
out:o_7_.outpad[0] (.output)                                     1.338     9.002
data arrival time                                                          9.002

clock virtual_io_clock (rise edge)                               0.000     0.000
clock source latency                                             0.000     0.000
clock uncertainty                                                0.000     0.000
output external delay                                            0.000     0.000
data required time                                                         0.000
--------------------------------------------------------------------------------
data required time                                                         0.000
data arrival time                                                         -9.002
--------------------------------------------------------------------------------
slack (VIOLATED)                                                          -9.002


#Path 21
Startpoint: i_7_.inpad[0] (.input clocked by virtual_io_clock)
Endpoint  : out:o_31_.outpad[0] (.output clocked by virtual_io_clock)
Path Type : setup

Point                                                             Incr      Path
--------------------------------------------------------------------------------
clock virtual_io_clock (rise edge)                               0.000     0.000
clock source latency                                             0.000     0.000
input external delay                                             0.000     0.000
i_7_.inpad[0] (.input)                                           0.000     0.000
n_n842.in[0] (.names)                                            1.338     1.338
n_n842.out[0] (.names)                                           0.195     1.533
[542].in[0] (.names)                                             1.338     2.871
[542].out[0] (.names)                                            0.195     3.066
[7353].in[3] (.names)                                            1.338     4.403
[7353].out[0] (.names)                                           0.195     4.598
[7359].in[0] (.names)                                            1.338     5.936
[7359].out[0] (.names)                                           0.195     6.131
o_31_.in[2] (.names)                                             1.338     7.469
o_31_.out[0] (.names)                                            0.195     7.664
out:o_31_.outpad[0] (.output)                                    1.338     9.002
data arrival time                                                          9.002

clock virtual_io_clock (rise edge)                               0.000     0.000
clock source latency                                             0.000     0.000
clock uncertainty                                                0.000     0.000
output external delay                                            0.000     0.000
data required time                                                         0.000
--------------------------------------------------------------------------------
data required time                                                         0.000
data arrival time                                                         -9.002
--------------------------------------------------------------------------------
slack (VIOLATED)                                                          -9.002


#Path 22
Startpoint: i_32_.inpad[0] (.input clocked by virtual_io_clock)
Endpoint  : out:o_26_.outpad[0] (.output clocked by virtual_io_clock)
Path Type : setup

Point                                                             Incr      Path
--------------------------------------------------------------------------------
clock virtual_io_clock (rise edge)                               0.000     0.000
clock source latency                                             0.000     0.000
input external delay                                             0.000     0.000
i_32_.inpad[0] (.input)                                          0.000     0.000
n_n1074.in[0] (.names)                                           1.338     1.338
n_n1074.out[0] (.names)                                          0.195     1.533
[555].in[0] (.names)                                             1.338     2.871
[555].out[0] (.names)                                            0.195     3.066
[1635].in[0] (.names)                                            1.338     4.403
[1635].out[0] (.names)                                           0.195     4.598
[7005].in[0] (.names)                                            1.338     5.936
[7005].out[0] (.names)                                           0.195     6.131
o_26_.in[3] (.names)                                             1.338     7.469
o_26_.out[0] (.names)                                            0.195     7.664
out:o_26_.outpad[0] (.output)                                    1.338     9.002
data arrival time                                                          9.002

clock virtual_io_clock (rise edge)                               0.000     0.000
clock source latency                                             0.000     0.000
clock uncertainty                                                0.000     0.000
output external delay                                            0.000     0.000
data required time                                                         0.000
--------------------------------------------------------------------------------
data required time                                                         0.000
data arrival time                                                         -9.002
--------------------------------------------------------------------------------
slack (VIOLATED)                                                          -9.002


#Path 23
Startpoint: i_36_.inpad[0] (.input clocked by virtual_io_clock)
Endpoint  : out:o_11_.outpad[0] (.output clocked by virtual_io_clock)
Path Type : setup

Point                                                             Incr      Path
--------------------------------------------------------------------------------
clock virtual_io_clock (rise edge)                               0.000     0.000
clock source latency                                             0.000     0.000
input external delay                                             0.000     0.000
i_36_.inpad[0] (.input)                                          0.000     0.000
n_n1009.in[0] (.names)                                           1.338     1.338
n_n1009.out[0] (.names)                                          0.195     1.533
n_n427.in[2] (.names)                                            1.338     2.871
n_n427.out[0] (.names)                                           0.195     3.066
[1626].in[2] (.names)                                            1.338     4.403
[1626].out[0] (.names)                                           0.195     4.598
n_n1394.in[1] (.names)                                           1.338     5.936
n_n1394.out[0] (.names)                                          0.195     6.131
o_11_.in[0] (.names)                                             1.338     7.469
o_11_.out[0] (.names)                                            0.195     7.664
out:o_11_.outpad[0] (.output)                                    1.338     9.002
data arrival time                                                          9.002

clock virtual_io_clock (rise edge)                               0.000     0.000
clock source latency                                             0.000     0.000
clock uncertainty                                                0.000     0.000
output external delay                                            0.000     0.000
data required time                                                         0.000
--------------------------------------------------------------------------------
data required time                                                         0.000
data arrival time                                                         -9.002
--------------------------------------------------------------------------------
slack (VIOLATED)                                                          -9.002


#Path 24
Startpoint: i_36_.inpad[0] (.input clocked by virtual_io_clock)
Endpoint  : out:o_10_.outpad[0] (.output clocked by virtual_io_clock)
Path Type : setup

Point                                                             Incr      Path
--------------------------------------------------------------------------------
clock virtual_io_clock (rise edge)                               0.000     0.000
clock source latency                                             0.000     0.000
input external delay                                             0.000     0.000
i_36_.inpad[0] (.input)                                          0.000     0.000
n_n985.in[0] (.names)                                            1.338     1.338
n_n985.out[0] (.names)                                           0.195     1.533
n_n952.in[2] (.names)                                            1.338     2.871
n_n952.out[0] (.names)                                           0.195     3.066
[1038].in[0] (.names)                                            1.338     4.403
[1038].out[0] (.names)                                           0.195     4.598
[1031].in[2] (.names)                                            1.338     5.936
[1031].out[0] (.names)                                           0.195     6.131
o_10_.in[0] (.names)                                             1.338     7.469
o_10_.out[0] (.names)                                            0.195     7.664
out:o_10_.outpad[0] (.output)                                    1.338     9.002
data arrival time                                                          9.002

clock virtual_io_clock (rise edge)                               0.000     0.000
clock source latency                                             0.000     0.000
clock uncertainty                                                0.000     0.000
output external delay                                            0.000     0.000
data required time                                                         0.000
--------------------------------------------------------------------------------
data required time                                                         0.000
data arrival time                                                         -9.002
--------------------------------------------------------------------------------
slack (VIOLATED)                                                          -9.002


#Path 25
Startpoint: i_36_.inpad[0] (.input clocked by virtual_io_clock)
Endpoint  : out:o_19_.outpad[0] (.output clocked by virtual_io_clock)
Path Type : setup

Point                                                             Incr      Path
--------------------------------------------------------------------------------
clock virtual_io_clock (rise edge)                               0.000     0.000
clock source latency                                             0.000     0.000
input external delay                                             0.000     0.000
i_36_.inpad[0] (.input)                                          0.000     0.000
n_n865.in[0] (.names)                                            1.338     1.338
n_n865.out[0] (.names)                                           0.195     1.533
[335].in[1] (.names)                                             1.338     2.871
[335].out[0] (.names)                                            0.195     3.066
[1867].in[2] (.names)                                            1.338     4.403
[1867].out[0] (.names)                                           0.195     4.598
o_19_.in[0] (.names)                                             1.338     5.936
o_19_.out[0] (.names)                                            0.195     6.131
out:o_19_.outpad[0] (.output)                                    1.338     7.469
data arrival time                                                          7.469

clock virtual_io_clock (rise edge)                               0.000     0.000
clock source latency                                             0.000     0.000
clock uncertainty                                                0.000     0.000
output external delay                                            0.000     0.000
data required time                                                         0.000
--------------------------------------------------------------------------------
data required time                                                         0.000
data arrival time                                                         -7.469
--------------------------------------------------------------------------------
slack (VIOLATED)                                                          -7.469


#Path 26
Startpoint: i_1_.inpad[0] (.input clocked by virtual_io_clock)
Endpoint  : out:o_16_.outpad[0] (.output clocked by virtual_io_clock)
Path Type : setup

Point                                                             Incr      Path
--------------------------------------------------------------------------------
clock virtual_io_clock (rise edge)                               0.000     0.000
clock source latency                                             0.000     0.000
input external delay                                             0.000     0.000
i_1_.inpad[0] (.input)                                           0.000     0.000
n_n1067.in[0] (.names)                                           1.338     1.338
n_n1067.out[0] (.names)                                          0.195     1.533
[526].in[2] (.names)                                             1.338     2.871
[526].out[0] (.names)                                            0.195     3.066
[7118].in[0] (.names)                                            1.338     4.403
[7118].out[0] (.names)                                           0.195     4.598
o_16_.in[2] (.names)                                             1.338     5.936
o_16_.out[0] (.names)                                            0.195     6.131
out:o_16_.outpad[0] (.output)                                    1.338     7.469
data arrival time                                                          7.469

clock virtual_io_clock (rise edge)                               0.000     0.000
clock source latency                                             0.000     0.000
clock uncertainty                                                0.000     0.000
output external delay                                            0.000     0.000
data required time                                                         0.000
--------------------------------------------------------------------------------
data required time                                                         0.000
data arrival time                                                         -7.469
--------------------------------------------------------------------------------
slack (VIOLATED)                                                          -7.469


#Path 27
Startpoint: i_7_.inpad[0] (.input clocked by virtual_io_clock)
Endpoint  : out:o_28_.outpad[0] (.output clocked by virtual_io_clock)
Path Type : setup

Point                                                             Incr      Path
--------------------------------------------------------------------------------
clock virtual_io_clock (rise edge)                               0.000     0.000
clock source latency                                             0.000     0.000
input external delay                                             0.000     0.000
i_7_.inpad[0] (.input)                                           0.000     0.000
n_n842.in[0] (.names)                                            1.338     1.338
n_n842.out[0] (.names)                                           0.195     1.533
[542].in[0] (.names)                                             1.338     2.871
[542].out[0] (.names)                                            0.195     3.066
[7043].in[3] (.names)                                            1.338     4.403
[7043].out[0] (.names)                                           0.195     4.598
o_28_.in[3] (.names)                                             1.338     5.936
o_28_.out[0] (.names)                                            0.195     6.131
out:o_28_.outpad[0] (.output)                                    1.338     7.469
data arrival time                                                          7.469

clock virtual_io_clock (rise edge)                               0.000     0.000
clock source latency                                             0.000     0.000
clock uncertainty                                                0.000     0.000
output external delay                                            0.000     0.000
data required time                                                         0.000
--------------------------------------------------------------------------------
data required time                                                         0.000
data arrival time                                                         -7.469
--------------------------------------------------------------------------------
slack (VIOLATED)                                                          -7.469


#Path 28
Startpoint: i_32_.inpad[0] (.input clocked by virtual_io_clock)
Endpoint  : out:o_29_.outpad[0] (.output clocked by virtual_io_clock)
Path Type : setup

Point                                                             Incr      Path
--------------------------------------------------------------------------------
clock virtual_io_clock (rise edge)                               0.000     0.000
clock source latency                                             0.000     0.000
input external delay                                             0.000     0.000
i_32_.inpad[0] (.input)                                          0.000     0.000
n_n966.in[0] (.names)                                            1.338     1.338
n_n966.out[0] (.names)                                           0.195     1.533
[1700].in[0] (.names)                                            1.338     2.871
[1700].out[0] (.names)                                           0.195     3.066
[1693].in[2] (.names)                                            1.338     4.403
[1693].out[0] (.names)                                           0.195     4.598
o_29_.in[0] (.names)                                             1.338     5.936
o_29_.out[0] (.names)                                            0.195     6.131
out:o_29_.outpad[0] (.output)                                    1.338     7.469
data arrival time                                                          7.469

clock virtual_io_clock (rise edge)                               0.000     0.000
clock source latency                                             0.000     0.000
clock uncertainty                                                0.000     0.000
output external delay                                            0.000     0.000
data required time                                                         0.000
--------------------------------------------------------------------------------
data required time                                                         0.000
data arrival time                                                         -7.469
--------------------------------------------------------------------------------
slack (VIOLATED)                                                          -7.469


#Path 29
Startpoint: i_40_.inpad[0] (.input clocked by virtual_io_clock)
Endpoint  : out:o_21_.outpad[0] (.output clocked by virtual_io_clock)
Path Type : setup

Point                                                             Incr      Path
--------------------------------------------------------------------------------
clock virtual_io_clock (rise edge)                               0.000     0.000
clock source latency                                             0.000     0.000
input external delay                                             0.000     0.000
i_40_.inpad[0] (.input)                                          0.000     0.000
n_n1072.in[0] (.names)                                           1.338     1.338
n_n1072.out[0] (.names)                                          0.195     1.533
[1518].in[0] (.names)                                            1.338     2.871
[1518].out[0] (.names)                                           0.195     3.066
n_n1525.in[1] (.names)                                           1.338     4.403
n_n1525.out[0] (.names)                                          0.195     4.598
o_21_.in[0] (.names)                                             1.338     5.936
o_21_.out[0] (.names)                                            0.195     6.131
out:o_21_.outpad[0] (.output)                                    1.338     7.469
data arrival time                                                          7.469

clock virtual_io_clock (rise edge)                               0.000     0.000
clock source latency                                             0.000     0.000
clock uncertainty                                                0.000     0.000
output external delay                                            0.000     0.000
data required time                                                         0.000
--------------------------------------------------------------------------------
data required time                                                         0.000
data arrival time                                                         -7.469
--------------------------------------------------------------------------------
slack (VIOLATED)                                                          -7.469


#Path 30
Startpoint: i_7_.inpad[0] (.input clocked by virtual_io_clock)
Endpoint  : out:o_8_.outpad[0] (.output clocked by virtual_io_clock)
Path Type : setup

Point                                                             Incr      Path
--------------------------------------------------------------------------------
clock virtual_io_clock (rise edge)                               0.000     0.000
clock source latency                                             0.000     0.000
input external delay                                             0.000     0.000
i_7_.inpad[0] (.input)                                           0.000     0.000
o_15_.in[0] (.names)                                             1.338     1.338
o_15_.out[0] (.names)                                            0.195     1.533
[7550].in[0] (.names)                                            1.338     2.871
[7550].out[0] (.names)                                           0.195     3.066
o_8_.in[3] (.names)                                              1.338     4.403
o_8_.out[0] (.names)                                             0.195     4.598
out:o_8_.outpad[0] (.output)                                     1.338     5.936
data arrival time                                                          5.936

clock virtual_io_clock (rise edge)                               0.000     0.000
clock source latency                                             0.000     0.000
clock uncertainty                                                0.000     0.000
output external delay                                            0.000     0.000
data required time                                                         0.000
--------------------------------------------------------------------------------
data required time                                                         0.000
data arrival time                                                         -5.936
--------------------------------------------------------------------------------
slack (VIOLATED)                                                          -5.936


#Path 31
Startpoint: i_34_.inpad[0] (.input clocked by virtual_io_clock)
Endpoint  : out:o_12_.outpad[0] (.output clocked by virtual_io_clock)
Path Type : setup

Point                                                             Incr      Path
--------------------------------------------------------------------------------
clock virtual_io_clock (rise edge)                               0.000     0.000
clock source latency                                             0.000     0.000
input external delay                                             0.000     0.000
i_34_.inpad[0] (.input)                                          0.000     0.000
n_n1002.in[0] (.names)                                           1.338     1.338
n_n1002.out[0] (.names)                                          0.195     1.533
[1650].in[2] (.names)                                            1.338     2.871
[1650].out[0] (.names)                                           0.195     3.066
o_12_.in[1] (.names)                                             1.338     4.403
o_12_.out[0] (.names)                                            0.195     4.598
out:o_12_.outpad[0] (.output)                                    1.338     5.936
data arrival time                                                          5.936

clock virtual_io_clock (rise edge)                               0.000     0.000
clock source latency                                             0.000     0.000
clock uncertainty                                                0.000     0.000
output external delay                                            0.000     0.000
data required time                                                         0.000
--------------------------------------------------------------------------------
data required time                                                         0.000
data arrival time                                                         -5.936
--------------------------------------------------------------------------------
slack (VIOLATED)                                                          -5.936


#Path 32
Startpoint: i_7_.inpad[0] (.input clocked by virtual_io_clock)
Endpoint  : out:o_13_.outpad[0] (.output clocked by virtual_io_clock)
Path Type : setup

Point                                                             Incr      Path
--------------------------------------------------------------------------------
clock virtual_io_clock (rise edge)                               0.000     0.000
clock source latency                                             0.000     0.000
input external delay                                             0.000     0.000
i_7_.inpad[0] (.input)                                           0.000     0.000
o_15_.in[0] (.names)                                             1.338     1.338
o_15_.out[0] (.names)                                            0.195     1.533
[225].in[0] (.names)                                             1.338     2.871
[225].out[0] (.names)                                            0.195     3.066
o_13_.in[0] (.names)                                             1.338     4.403
o_13_.out[0] (.names)                                            0.195     4.598
out:o_13_.outpad[0] (.output)                                    1.338     5.936
data arrival time                                                          5.936

clock virtual_io_clock (rise edge)                               0.000     0.000
clock source latency                                             0.000     0.000
clock uncertainty                                                0.000     0.000
output external delay                                            0.000     0.000
data required time                                                         0.000
--------------------------------------------------------------------------------
data required time                                                         0.000
data arrival time                                                         -5.936
--------------------------------------------------------------------------------
slack (VIOLATED)                                                          -5.936


#Path 33
Startpoint: i_7_.inpad[0] (.input clocked by virtual_io_clock)
Endpoint  : out:o_14_.outpad[0] (.output clocked by virtual_io_clock)
Path Type : setup

Point                                                             Incr      Path
--------------------------------------------------------------------------------
clock virtual_io_clock (rise edge)                               0.000     0.000
clock source latency                                             0.000     0.000
input external delay                                             0.000     0.000
i_7_.inpad[0] (.input)                                           0.000     0.000
o_15_.in[0] (.names)                                             1.338     1.338
o_15_.out[0] (.names)                                            0.195     1.533
[225].in[0] (.names)                                             1.338     2.871
[225].out[0] (.names)                                            0.195     3.066
o_14_.in[0] (.names)                                             1.338     4.403
o_14_.out[0] (.names)                                            0.195     4.598
out:o_14_.outpad[0] (.output)                                    1.338     5.936
data arrival time                                                          5.936

clock virtual_io_clock (rise edge)                               0.000     0.000
clock source latency                                             0.000     0.000
clock uncertainty                                                0.000     0.000
output external delay                                            0.000     0.000
data required time                                                         0.000
--------------------------------------------------------------------------------
data required time                                                         0.000
data arrival time                                                         -5.936
--------------------------------------------------------------------------------
slack (VIOLATED)                                                          -5.936


#Path 34
Startpoint: i_34_.inpad[0] (.input clocked by virtual_io_clock)
Endpoint  : out:o_32_.outpad[0] (.output clocked by virtual_io_clock)
Path Type : setup

Point                                                             Incr      Path
--------------------------------------------------------------------------------
clock virtual_io_clock (rise edge)                               0.000     0.000
clock source latency                                             0.000     0.000
input external delay                                             0.000     0.000
i_34_.inpad[0] (.input)                                          0.000     0.000
n_n979.in[0] (.names)                                            1.338     1.338
n_n979.out[0] (.names)                                           0.195     1.533
o_32_.in[0] (.names)                                             1.338     2.871
o_32_.out[0] (.names)                                            0.195     3.066
out:o_32_.outpad[0] (.output)                                    1.338     4.403
data arrival time                                                          4.403

clock virtual_io_clock (rise edge)                               0.000     0.000
clock source latency                                             0.000     0.000
clock uncertainty                                                0.000     0.000
output external delay                                            0.000     0.000
data required time                                                         0.000
--------------------------------------------------------------------------------
data required time                                                         0.000
data arrival time                                                         -4.403
--------------------------------------------------------------------------------
slack (VIOLATED)                                                          -4.403


#Path 35
Startpoint: i_7_.inpad[0] (.input clocked by virtual_io_clock)
Endpoint  : out:o_15_.outpad[0] (.output clocked by virtual_io_clock)
Path Type : setup

Point                                                             Incr      Path
--------------------------------------------------------------------------------
clock virtual_io_clock (rise edge)                               0.000     0.000
clock source latency                                             0.000     0.000
input external delay                                             0.000     0.000
i_7_.inpad[0] (.input)                                           0.000     0.000
o_15_.in[0] (.names)                                             1.338     1.338
o_15_.out[0] (.names)                                            0.195     1.533
out:o_15_.outpad[0] (.output)                                    1.338     2.871
data arrival time                                                          2.871

clock virtual_io_clock (rise edge)                               0.000     0.000
clock source latency                                             0.000     0.000
clock uncertainty                                                0.000     0.000
output external delay                                            0.000     0.000
data required time                                                         0.000
--------------------------------------------------------------------------------
data required time                                                         0.000
data arrival time                                                         -2.871
--------------------------------------------------------------------------------
slack (VIOLATED)                                                          -2.871


#End of timing report
