#Timing report of worst 35 path(s)
# Unit scale: 1e-09 seconds
# Output precision: 3

#Path 1
Startpoint: i_34_.inpad[0] (.input clocked by virtual_io_clock)
Endpoint  : out:o_5_.outpad[0] (.output clocked by virtual_io_clock)
Path Type : setup

Point                                                             Incr      Path
--------------------------------------------------------------------------------
clock virtual_io_clock (rise edge)                               0.000     0.000
clock source latency                                             0.000     0.000
input external delay                                             0.000     0.000
i_34_.inpad[0] (.input)                                          0.000     0.000
[50].in[1] (.names)                                              1.223     1.223
[50].out[0] (.names)                                             0.235     1.458
n_n525.in[1] (.names)                                            0.488     1.946
n_n525.out[0] (.names)                                           0.235     2.181
[7568].in[0] (.names)                                            0.100     2.281
[7568].out[0] (.names)                                           0.235     2.516
[7571].in[3] (.names)                                            0.478     2.994
[7571].out[0] (.names)                                           0.235     3.229
n_n1272.in[2] (.names)                                           0.341     3.570
n_n1272.out[0] (.names)                                          0.235     3.805
o_5_.in[0] (.names)                                              0.751     4.556
o_5_.out[0] (.names)                                             0.235     4.791
out:o_5_.outpad[0] (.output)                                     0.595     5.386
data arrival time                                                          5.386

clock virtual_io_clock (rise edge)                               0.000     0.000
clock source latency                                             0.000     0.000
clock uncertainty                                                0.000     0.000
output external delay                                            0.000     0.000
data required time                                                         0.000
--------------------------------------------------------------------------------
data required time                                                         0.000
data arrival time                                                         -5.386
--------------------------------------------------------------------------------
slack (VIOLATED)                                                          -5.386


#Path 2
Startpoint: i_40_.inpad[0] (.input clocked by virtual_io_clock)
Endpoint  : out:o_33_.outpad[0] (.output clocked by virtual_io_clock)
Path Type : setup

Point                                                             Incr      Path
--------------------------------------------------------------------------------
clock virtual_io_clock (rise edge)                               0.000     0.000
clock source latency                                             0.000     0.000
input external delay                                             0.000     0.000
i_40_.inpad[0] (.input)                                          0.000     0.000
[66].in[0] (.names)                                              0.886     0.886
[66].out[0] (.names)                                             0.235     1.121
[801].in[1] (.names)                                             0.627     1.748
[801].out[0] (.names)                                            0.235     1.983
[1429].in[2] (.names)                                            0.577     2.559
[1429].out[0] (.names)                                           0.235     2.794
[7175].in[2] (.names)                                            0.414     3.208
[7175].out[0] (.names)                                           0.235     3.443
n_n1670.in[2] (.names)                                           0.100     3.543
n_n1670.out[0] (.names)                                          0.235     3.778
o_33_.in[1] (.names)                                             0.488     4.266
o_33_.out[0] (.names)                                            0.235     4.501
out:o_33_.outpad[0] (.output)                                    0.796     5.297
data arrival time                                                          5.297

clock virtual_io_clock (rise edge)                               0.000     0.000
clock source latency                                             0.000     0.000
clock uncertainty                                                0.000     0.000
output external delay                                            0.000     0.000
data required time                                                         0.000
--------------------------------------------------------------------------------
data required time                                                         0.000
data arrival time                                                         -5.297
--------------------------------------------------------------------------------
slack (VIOLATED)                                                          -5.297


#Path 3
Startpoint: i_34_.inpad[0] (.input clocked by virtual_io_clock)
Endpoint  : out:o_27_.outpad[0] (.output clocked by virtual_io_clock)
Path Type : setup

Point                                                             Incr      Path
--------------------------------------------------------------------------------
clock virtual_io_clock (rise edge)                               0.000     0.000
clock source latency                                             0.000     0.000
input external delay                                             0.000     0.000
i_34_.inpad[0] (.input)                                          0.000     0.000
[50].in[1] (.names)                                              1.223     1.223
[50].out[0] (.names)                                             0.235     1.458
[240].in[1] (.names)                                             0.631     2.089
[240].out[0] (.names)                                            0.235     2.324
[7035].in[0] (.names)                                            0.488     2.812
[7035].out[0] (.names)                                           0.235     3.047
[7038].in[3] (.names)                                            0.100     3.147
[7038].out[0] (.names)                                           0.235     3.382
[7040].in[3] (.names)                                            0.100     3.482
[7040].out[0] (.names)                                           0.235     3.717
o_27_.in[3] (.names)                                             0.489     4.206
o_27_.out[0] (.names)                                            0.235     4.441
out:o_27_.outpad[0] (.output)                                    0.643     5.084
data arrival time                                                          5.084

clock virtual_io_clock (rise edge)                               0.000     0.000
clock source latency                                             0.000     0.000
clock uncertainty                                                0.000     0.000
output external delay                                            0.000     0.000
data required time                                                         0.000
--------------------------------------------------------------------------------
data required time                                                         0.000
data arrival time                                                         -5.084
--------------------------------------------------------------------------------
slack (VIOLATED)                                                          -5.084


#Path 4
Startpoint: i_39_.inpad[0] (.input clocked by virtual_io_clock)
Endpoint  : out:o_2_.outpad[0] (.output clocked by virtual_io_clock)
Path Type : setup

Point                                                             Incr      Path
--------------------------------------------------------------------------------
clock virtual_io_clock (rise edge)                               0.000     0.000
clock source latency                                             0.000     0.000
input external delay                                             0.000     0.000
i_39_.inpad[0] (.input)                                          0.000     0.000
[458].in[2] (.names)                                             1.016     1.016
[458].out[0] (.names)                                            0.235     1.251
[1853].in[2] (.names)                                            1.332     2.583
[1853].out[0] (.names)                                           0.235     2.818
n_n1164.in[1] (.names)                                           0.100     2.918
n_n1164.out[0] (.names)                                          0.235     3.153
[6806].in[0] (.names)                                            0.100     3.253
[6806].out[0] (.names)                                           0.235     3.488
o_2_.in[1] (.names)                                              0.481     3.969
o_2_.out[0] (.names)                                             0.235     4.204
out:o_2_.outpad[0] (.output)                                     0.843     5.048
data arrival time                                                          5.048

clock virtual_io_clock (rise edge)                               0.000     0.000
clock source latency                                             0.000     0.000
clock uncertainty                                                0.000     0.000
output external delay                                            0.000     0.000
data required time                                                         0.000
--------------------------------------------------------------------------------
data required time                                                         0.000
data arrival time                                                         -5.048
--------------------------------------------------------------------------------
slack (VIOLATED)                                                          -5.048


#Path 5
Startpoint: i_15_.inpad[0] (.input clocked by virtual_io_clock)
Endpoint  : out:o_18_.outpad[0] (.output clocked by virtual_io_clock)
Path Type : setup

Point                                                             Incr      Path
--------------------------------------------------------------------------------
clock virtual_io_clock (rise edge)                               0.000     0.000
clock source latency                                             0.000     0.000
input external delay                                             0.000     0.000
i_15_.inpad[0] (.input)                                          0.000     0.000
[7306].in[0] (.names)                                            1.076     1.076
[7306].out[0] (.names)                                           0.235     1.311
[7308].in[3] (.names)                                            0.100     1.411
[7308].out[0] (.names)                                           0.235     1.646
[1277].in[3] (.names)                                            0.476     2.122
[1277].out[0] (.names)                                           0.235     2.357
n_n1453.in[2] (.names)                                           1.002     3.359
n_n1453.out[0] (.names)                                          0.235     3.594
n_n1445.in[0] (.names)                                           0.100     3.694
n_n1445.out[0] (.names)                                          0.235     3.929
o_18_.in[0] (.names)                                             0.461     4.390
o_18_.out[0] (.names)                                            0.235     4.625
out:o_18_.outpad[0] (.output)                                    0.334     4.959
data arrival time                                                          4.959

clock virtual_io_clock (rise edge)                               0.000     0.000
clock source latency                                             0.000     0.000
clock uncertainty                                                0.000     0.000
output external delay                                            0.000     0.000
data required time                                                         0.000
--------------------------------------------------------------------------------
data required time                                                         0.000
data arrival time                                                         -4.959
--------------------------------------------------------------------------------
slack (VIOLATED)                                                          -4.959


#Path 6
Startpoint: i_34_.inpad[0] (.input clocked by virtual_io_clock)
Endpoint  : out:o_20_.outpad[0] (.output clocked by virtual_io_clock)
Path Type : setup

Point                                                             Incr      Path
--------------------------------------------------------------------------------
clock virtual_io_clock (rise edge)                               0.000     0.000
clock source latency                                             0.000     0.000
input external delay                                             0.000     0.000
i_34_.inpad[0] (.input)                                          0.000     0.000
[50].in[1] (.names)                                              1.223     1.223
[50].out[0] (.names)                                             0.235     1.458
[1059].in[3] (.names)                                            0.633     2.091
[1059].out[0] (.names)                                           0.235     2.326
[1050].in[2] (.names)                                            0.100     2.426
[1050].out[0] (.names)                                           0.235     2.661
[7506].in[0] (.names)                                            0.638     3.299
[7506].out[0] (.names)                                           0.235     3.534
[7508].in[3] (.names)                                            0.341     3.875
[7508].out[0] (.names)                                           0.235     4.110
o_20_.in[2] (.names)                                             0.100     4.210
o_20_.out[0] (.names)                                            0.235     4.445
out:o_20_.outpad[0] (.output)                                    0.504     4.950
data arrival time                                                          4.950

clock virtual_io_clock (rise edge)                               0.000     0.000
clock source latency                                             0.000     0.000
clock uncertainty                                                0.000     0.000
output external delay                                            0.000     0.000
data required time                                                         0.000
--------------------------------------------------------------------------------
data required time                                                         0.000
data arrival time                                                         -4.950
--------------------------------------------------------------------------------
slack (VIOLATED)                                                          -4.950


#Path 7
Startpoint: i_34_.inpad[0] (.input clocked by virtual_io_clock)
Endpoint  : out:o_0_.outpad[0] (.output clocked by virtual_io_clock)
Path Type : setup

Point                                                             Incr      Path
--------------------------------------------------------------------------------
clock virtual_io_clock (rise edge)                               0.000     0.000
clock source latency                                             0.000     0.000
input external delay                                             0.000     0.000
i_34_.inpad[0] (.input)                                          0.000     0.000
[50].in[1] (.names)                                              1.223     1.223
[50].out[0] (.names)                                             0.235     1.458
[1730].in[2] (.names)                                            0.487     1.945
[1730].out[0] (.names)                                           0.235     2.180
[6901].in[3] (.names)                                            0.100     2.280
[6901].out[0] (.names)                                           0.235     2.515
[6904].in[2] (.names)                                            0.708     3.223
[6904].out[0] (.names)                                           0.235     3.458
[6915].in[3] (.names)                                            0.100     3.558
[6915].out[0] (.names)                                           0.235     3.793
o_0_.in[2] (.names)                                              0.416     4.209
o_0_.out[0] (.names)                                             0.235     4.444
out:o_0_.outpad[0] (.output)                                     0.501     4.945
data arrival time                                                          4.945

clock virtual_io_clock (rise edge)                               0.000     0.000
clock source latency                                             0.000     0.000
clock uncertainty                                                0.000     0.000
output external delay                                            0.000     0.000
data required time                                                         0.000
--------------------------------------------------------------------------------
data required time                                                         0.000
data arrival time                                                         -4.945
--------------------------------------------------------------------------------
slack (VIOLATED)                                                          -4.945


#Path 8
Startpoint: i_34_.inpad[0] (.input clocked by virtual_io_clock)
Endpoint  : out:o_6_.outpad[0] (.output clocked by virtual_io_clock)
Path Type : setup

Point                                                             Incr      Path
--------------------------------------------------------------------------------
clock virtual_io_clock (rise edge)                               0.000     0.000
clock source latency                                             0.000     0.000
input external delay                                             0.000     0.000
i_34_.inpad[0] (.input)                                          0.000     0.000
[50].in[1] (.names)                                              1.223     1.223
[50].out[0] (.names)                                             0.235     1.458
n_n525.in[1] (.names)                                            0.488     1.946
n_n525.out[0] (.names)                                           0.235     2.181
[7667].in[1] (.names)                                            0.611     2.792
[7667].out[0] (.names)                                           0.235     3.027
[7669].in[3] (.names)                                            0.332     3.359
[7669].out[0] (.names)                                           0.235     3.594
n_n1323.in[2] (.names)                                           0.341     3.936
n_n1323.out[0] (.names)                                          0.235     4.171
o_6_.in[2] (.names)                                              0.100     4.271
o_6_.out[0] (.names)                                             0.235     4.506
out:o_6_.outpad[0] (.output)                                     0.378     4.884
data arrival time                                                          4.884

clock virtual_io_clock (rise edge)                               0.000     0.000
clock source latency                                             0.000     0.000
clock uncertainty                                                0.000     0.000
output external delay                                            0.000     0.000
data required time                                                         0.000
--------------------------------------------------------------------------------
data required time                                                         0.000
data arrival time                                                         -4.884
--------------------------------------------------------------------------------
slack (VIOLATED)                                                          -4.884


#Path 9
Startpoint: i_36_.inpad[0] (.input clocked by virtual_io_clock)
Endpoint  : out:o_34_.outpad[0] (.output clocked by virtual_io_clock)
Path Type : setup

Point                                                             Incr      Path
--------------------------------------------------------------------------------
clock virtual_io_clock (rise edge)                               0.000     0.000
clock source latency                                             0.000     0.000
input external delay                                             0.000     0.000
i_36_.inpad[0] (.input)                                          0.000     0.000
n_n1065.in[0] (.names)                                           0.926     0.926
n_n1065.out[0] (.names)                                          0.235     1.161
[797].in[2] (.names)                                             0.100     1.261
[797].out[0] (.names)                                            0.235     1.496
[1557].in[1] (.names)                                            0.777     2.273
[1557].out[0] (.names)                                           0.235     2.508
[7071].in[1] (.names)                                            0.597     3.105
[7071].out[0] (.names)                                           0.235     3.340
n_n1711.in[3] (.names)                                           0.100     3.440
n_n1711.out[0] (.names)                                          0.235     3.675
o_34_.in[0] (.names)                                             0.485     4.160
o_34_.out[0] (.names)                                            0.235     4.395
out:o_34_.outpad[0] (.output)                                    0.487     4.882
data arrival time                                                          4.882

clock virtual_io_clock (rise edge)                               0.000     0.000
clock source latency                                             0.000     0.000
clock uncertainty                                                0.000     0.000
output external delay                                            0.000     0.000
data required time                                                         0.000
--------------------------------------------------------------------------------
data required time                                                         0.000
data arrival time                                                         -4.882
--------------------------------------------------------------------------------
slack (VIOLATED)                                                          -4.882


#Path 10
Startpoint: i_39_.inpad[0] (.input clocked by virtual_io_clock)
Endpoint  : out:o_3_.outpad[0] (.output clocked by virtual_io_clock)
Path Type : setup

Point                                                             Incr      Path
--------------------------------------------------------------------------------
clock virtual_io_clock (rise edge)                               0.000     0.000
clock source latency                                             0.000     0.000
input external delay                                             0.000     0.000
i_39_.inpad[0] (.input)                                          0.000     0.000
n_n977.in[1] (.names)                                            1.185     1.185
n_n977.out[0] (.names)                                           0.235     1.420
[652].in[2] (.names)                                             0.630     2.050
[652].out[0] (.names)                                            0.235     2.285
[287].in[1] (.names)                                             0.633     2.918
[287].out[0] (.names)                                            0.235     3.153
n_n1196.in[1] (.names)                                           0.100     3.253
n_n1196.out[0] (.names)                                          0.235     3.488
n_n1187.in[1] (.names)                                           0.100     3.588
n_n1187.out[0] (.names)                                          0.235     3.823
o_3_.in[0] (.names)                                              0.336     4.159
o_3_.out[0] (.names)                                             0.235     4.394
out:o_3_.outpad[0] (.output)                                     0.485     4.879
data arrival time                                                          4.879

clock virtual_io_clock (rise edge)                               0.000     0.000
clock source latency                                             0.000     0.000
clock uncertainty                                                0.000     0.000
output external delay                                            0.000     0.000
data required time                                                         0.000
--------------------------------------------------------------------------------
data required time                                                         0.000
data arrival time                                                         -4.879
--------------------------------------------------------------------------------
slack (VIOLATED)                                                          -4.879


#Path 11
Startpoint: i_9_.inpad[0] (.input clocked by virtual_io_clock)
Endpoint  : out:o_24_.outpad[0] (.output clocked by virtual_io_clock)
Path Type : setup

Point                                                             Incr      Path
--------------------------------------------------------------------------------
clock virtual_io_clock (rise edge)                               0.000     0.000
clock source latency                                             0.000     0.000
input external delay                                             0.000     0.000
i_9_.inpad[0] (.input)                                           0.000     0.000
n_n793.in[0] (.names)                                            0.768     0.768
n_n793.out[0] (.names)                                           0.235     1.003
n_n783.in[2] (.names)                                            0.341     1.344
n_n783.out[0] (.names)                                           0.235     1.579
[6981].in[0] (.names)                                            0.748     2.327
[6981].out[0] (.names)                                           0.235     2.562
[223].in[3] (.names)                                             0.758     3.320
[223].out[0] (.names)                                            0.235     3.555
n_n1571.in[0] (.names)                                           0.486     4.040
n_n1571.out[0] (.names)                                          0.235     4.275
o_24_.in[2] (.names)                                             0.100     4.375
o_24_.out[0] (.names)                                            0.235     4.610
out:o_24_.outpad[0] (.output)                                    0.254     4.864
data arrival time                                                          4.864

clock virtual_io_clock (rise edge)                               0.000     0.000
clock source latency                                             0.000     0.000
clock uncertainty                                                0.000     0.000
output external delay                                            0.000     0.000
data required time                                                         0.000
--------------------------------------------------------------------------------
data required time                                                         0.000
data arrival time                                                         -4.864
--------------------------------------------------------------------------------
slack (VIOLATED)                                                          -4.864


#Path 12
Startpoint: i_33_.inpad[0] (.input clocked by virtual_io_clock)
Endpoint  : out:o_17_.outpad[0] (.output clocked by virtual_io_clock)
Path Type : setup

Point                                                             Incr      Path
--------------------------------------------------------------------------------
clock virtual_io_clock (rise edge)                               0.000     0.000
clock source latency                                             0.000     0.000
input external delay                                             0.000     0.000
i_33_.inpad[0] (.input)                                          0.000     0.000
[76].in[3] (.names)                                              0.760     0.760
[76].out[0] (.names)                                             0.235     0.995
[7420].in[2] (.names)                                            0.628     1.623
[7420].out[0] (.names)                                           0.235     1.858
[7427].in[1] (.names)                                            0.462     2.320
[7427].out[0] (.names)                                           0.235     2.555
n_n1417.in[3] (.names)                                           0.623     3.179
n_n1417.out[0] (.names)                                          0.235     3.414
n_n1409.in[1] (.names)                                           0.585     3.999
n_n1409.out[0] (.names)                                          0.235     4.234
o_17_.in[1] (.names)                                             0.100     4.334
o_17_.out[0] (.names)                                            0.235     4.569
out:o_17_.outpad[0] (.output)                                    0.258     4.827
data arrival time                                                          4.827

clock virtual_io_clock (rise edge)                               0.000     0.000
clock source latency                                             0.000     0.000
clock uncertainty                                                0.000     0.000
output external delay                                            0.000     0.000
data required time                                                         0.000
--------------------------------------------------------------------------------
data required time                                                         0.000
data arrival time                                                         -4.827
--------------------------------------------------------------------------------
slack (VIOLATED)                                                          -4.827


#Path 13
Startpoint: i_9_.inpad[0] (.input clocked by virtual_io_clock)
Endpoint  : out:o_25_.outpad[0] (.output clocked by virtual_io_clock)
Path Type : setup

Point                                                             Incr      Path
--------------------------------------------------------------------------------
clock virtual_io_clock (rise edge)                               0.000     0.000
clock source latency                                             0.000     0.000
input external delay                                             0.000     0.000
i_9_.inpad[0] (.input)                                           0.000     0.000
n_n793.in[0] (.names)                                            0.768     0.768
n_n793.out[0] (.names)                                           0.235     1.003
n_n783.in[2] (.names)                                            0.341     1.344
n_n783.out[0] (.names)                                           0.235     1.579
[6981].in[0] (.names)                                            0.748     2.327
[6981].out[0] (.names)                                           0.235     2.562
[223].in[3] (.names)                                             0.758     3.320
[223].out[0] (.names)                                            0.235     3.555
o_25_.in[2] (.names)                                             0.482     4.037
o_25_.out[0] (.names)                                            0.235     4.272
out:o_25_.outpad[0] (.output)                                    0.505     4.777
data arrival time                                                          4.777

clock virtual_io_clock (rise edge)                               0.000     0.000
clock source latency                                             0.000     0.000
clock uncertainty                                                0.000     0.000
output external delay                                            0.000     0.000
data required time                                                         0.000
--------------------------------------------------------------------------------
data required time                                                         0.000
data arrival time                                                         -4.777
--------------------------------------------------------------------------------
slack (VIOLATED)                                                          -4.777


#Path 14
Startpoint: i_39_.inpad[0] (.input clocked by virtual_io_clock)
Endpoint  : out:o_7_.outpad[0] (.output clocked by virtual_io_clock)
Path Type : setup

Point                                                             Incr      Path
--------------------------------------------------------------------------------
clock virtual_io_clock (rise edge)                               0.000     0.000
clock source latency                                             0.000     0.000
input external delay                                             0.000     0.000
i_39_.inpad[0] (.input)                                          0.000     0.000
n_n977.in[1] (.names)                                            1.185     1.185
n_n977.out[0] (.names)                                           0.235     1.420
[153].in[0] (.names)                                             0.622     2.042
[153].out[0] (.names)                                            0.235     2.277
[7538].in[1] (.names)                                            0.633     2.910
[7538].out[0] (.names)                                           0.235     3.145
[7541].in[3] (.names)                                            0.100     3.245
[7541].out[0] (.names)                                           0.235     3.480
o_7_.in[1] (.names)                                              0.338     3.818
o_7_.out[0] (.names)                                             0.235     4.053
out:o_7_.outpad[0] (.output)                                     0.679     4.732
data arrival time                                                          4.732

clock virtual_io_clock (rise edge)                               0.000     0.000
clock source latency                                             0.000     0.000
clock uncertainty                                                0.000     0.000
output external delay                                            0.000     0.000
data required time                                                         0.000
--------------------------------------------------------------------------------
data required time                                                         0.000
data arrival time                                                         -4.732
--------------------------------------------------------------------------------
slack (VIOLATED)                                                          -4.732


#Path 15
Startpoint: i_34_.inpad[0] (.input clocked by virtual_io_clock)
Endpoint  : out:o_4_.outpad[0] (.output clocked by virtual_io_clock)
Path Type : setup

Point                                                             Incr      Path
--------------------------------------------------------------------------------
clock virtual_io_clock (rise edge)                               0.000     0.000
clock source latency                                             0.000     0.000
input external delay                                             0.000     0.000
i_34_.inpad[0] (.input)                                          0.000     0.000
[50].in[1] (.names)                                              1.223     1.223
[50].out[0] (.names)                                             0.235     1.458
[205].in[1] (.names)                                             0.490     1.948
[205].out[0] (.names)                                            0.235     2.183
[7786].in[3] (.names)                                            0.100     2.283
[7786].out[0] (.names)                                           0.235     2.518
n_n1239.in[3] (.names)                                           0.725     3.243
n_n1239.out[0] (.names)                                          0.235     3.478
n_n1233.in[1] (.names)                                           0.100     3.578
n_n1233.out[0] (.names)                                          0.235     3.813
o_4_.in[0] (.names)                                              0.100     3.913
o_4_.out[0] (.names)                                             0.235     4.148
out:o_4_.outpad[0] (.output)                                     0.574     4.722
data arrival time                                                          4.722

clock virtual_io_clock (rise edge)                               0.000     0.000
clock source latency                                             0.000     0.000
clock uncertainty                                                0.000     0.000
output external delay                                            0.000     0.000
data required time                                                         0.000
--------------------------------------------------------------------------------
data required time                                                         0.000
data arrival time                                                         -4.722
--------------------------------------------------------------------------------
slack (VIOLATED)                                                          -4.722


#Path 16
Startpoint: i_34_.inpad[0] (.input clocked by virtual_io_clock)
Endpoint  : out:o_23_.outpad[0] (.output clocked by virtual_io_clock)
Path Type : setup

Point                                                             Incr      Path
--------------------------------------------------------------------------------
clock virtual_io_clock (rise edge)                               0.000     0.000
clock source latency                                             0.000     0.000
input external delay                                             0.000     0.000
i_34_.inpad[0] (.input)                                          0.000     0.000
n_n1074.in[1] (.names)                                           0.724     0.724
n_n1074.out[0] (.names)                                          0.235     0.959
[1366].in[2] (.names)                                            0.833     1.792
[1366].out[0] (.names)                                           0.235     2.027
[7230].in[2] (.names)                                            0.627     2.654
[7230].out[0] (.names)                                           0.235     2.889
[7270].in[2] (.names)                                            0.100     2.989
[7270].out[0] (.names)                                           0.235     3.224
o_23_.in[2] (.names)                                             0.638     3.862
o_23_.out[0] (.names)                                            0.235     4.097
out:o_23_.outpad[0] (.output)                                    0.575     4.672
data arrival time                                                          4.672

clock virtual_io_clock (rise edge)                               0.000     0.000
clock source latency                                             0.000     0.000
clock uncertainty                                                0.000     0.000
output external delay                                            0.000     0.000
data required time                                                         0.000
--------------------------------------------------------------------------------
data required time                                                         0.000
data arrival time                                                         -4.672
--------------------------------------------------------------------------------
slack (VIOLATED)                                                          -4.672


#Path 17
Startpoint: i_34_.inpad[0] (.input clocked by virtual_io_clock)
Endpoint  : out:o_1_.outpad[0] (.output clocked by virtual_io_clock)
Path Type : setup

Point                                                             Incr      Path
--------------------------------------------------------------------------------
clock virtual_io_clock (rise edge)                               0.000     0.000
clock source latency                                             0.000     0.000
input external delay                                             0.000     0.000
i_34_.inpad[0] (.input)                                          0.000     0.000
n_n1074.in[1] (.names)                                           0.724     0.724
n_n1074.out[0] (.names)                                          0.235     0.959
[363].in[2] (.names)                                             0.565     1.524
[363].out[0] (.names)                                            0.235     1.759
[1883].in[0] (.names)                                            0.479     2.238
[1883].out[0] (.names)                                           0.235     2.473
[6758].in[0] (.names)                                            0.609     3.082
[6758].out[0] (.names)                                           0.235     3.317
o_1_.in[0] (.names)                                              0.331     3.648
o_1_.out[0] (.names)                                             0.235     3.883
out:o_1_.outpad[0] (.output)                                     0.768     4.652
data arrival time                                                          4.652

clock virtual_io_clock (rise edge)                               0.000     0.000
clock source latency                                             0.000     0.000
clock uncertainty                                                0.000     0.000
output external delay                                            0.000     0.000
data required time                                                         0.000
--------------------------------------------------------------------------------
data required time                                                         0.000
data arrival time                                                         -4.652
--------------------------------------------------------------------------------
slack (VIOLATED)                                                          -4.652


#Path 18
Startpoint: i_32_.inpad[0] (.input clocked by virtual_io_clock)
Endpoint  : out:o_22_.outpad[0] (.output clocked by virtual_io_clock)
Path Type : setup

Point                                                             Incr      Path
--------------------------------------------------------------------------------
clock virtual_io_clock (rise edge)                               0.000     0.000
clock source latency                                             0.000     0.000
input external delay                                             0.000     0.000
i_32_.inpad[0] (.input)                                          0.000     0.000
n_n668.in[2] (.names)                                            0.804     0.804
n_n668.out[0] (.names)                                           0.235     1.039
[251].in[2] (.names)                                             1.240     2.279
[251].out[0] (.names)                                            0.235     2.514
[7220].in[1] (.names)                                            0.899     3.413
[7220].out[0] (.names)                                           0.235     3.648
[7223].in[3] (.names)                                            0.100     3.748
[7223].out[0] (.names)                                           0.235     3.983
o_22_.in[3] (.names)                                             0.100     4.083
o_22_.out[0] (.names)                                            0.235     4.318
out:o_22_.outpad[0] (.output)                                    0.327     4.645
data arrival time                                                          4.645

clock virtual_io_clock (rise edge)                               0.000     0.000
clock source latency                                             0.000     0.000
clock uncertainty                                                0.000     0.000
output external delay                                            0.000     0.000
data required time                                                         0.000
--------------------------------------------------------------------------------
data required time                                                         0.000
data arrival time                                                         -4.645
--------------------------------------------------------------------------------
slack (VIOLATED)                                                          -4.645


#Path 19
Startpoint: i_36_.inpad[0] (.input clocked by virtual_io_clock)
Endpoint  : out:o_10_.outpad[0] (.output clocked by virtual_io_clock)
Path Type : setup

Point                                                             Incr      Path
--------------------------------------------------------------------------------
clock virtual_io_clock (rise edge)                               0.000     0.000
clock source latency                                             0.000     0.000
input external delay                                             0.000     0.000
i_36_.inpad[0] (.input)                                          0.000     0.000
n_n968.in[0] (.names)                                            0.712     0.712
n_n968.out[0] (.names)                                           0.235     0.947
[303].in[2] (.names)                                             0.771     1.719
[303].out[0] (.names)                                            0.235     1.954
[1039].in[3] (.names)                                            0.629     2.583
[1039].out[0] (.names)                                           0.235     2.818
[1031].in[3] (.names)                                            0.100     2.918
[1031].out[0] (.names)                                           0.235     3.153
o_10_.in[0] (.names)                                             0.487     3.639
o_10_.out[0] (.names)                                            0.235     3.874
out:o_10_.outpad[0] (.output)                                    0.766     4.640
data arrival time                                                          4.640

clock virtual_io_clock (rise edge)                               0.000     0.000
clock source latency                                             0.000     0.000
clock uncertainty                                                0.000     0.000
output external delay                                            0.000     0.000
data required time                                                         0.000
--------------------------------------------------------------------------------
data required time                                                         0.000
data arrival time                                                         -4.640
--------------------------------------------------------------------------------
slack (VIOLATED)                                                          -4.640


#Path 20
Startpoint: i_35_.inpad[0] (.input clocked by virtual_io_clock)
Endpoint  : out:o_9_.outpad[0] (.output clocked by virtual_io_clock)
Path Type : setup

Point                                                             Incr      Path
--------------------------------------------------------------------------------
clock virtual_io_clock (rise edge)                               0.000     0.000
clock source latency                                             0.000     0.000
input external delay                                             0.000     0.000
i_35_.inpad[0] (.input)                                          0.000     0.000
n_n1047.in[2] (.names)                                           0.752     0.752
n_n1047.out[0] (.names)                                          0.235     0.987
[84].in[2] (.names)                                              0.631     1.618
[84].out[0] (.names)                                             0.235     1.853
[1022].in[0] (.names)                                            0.488     2.341
[1022].out[0] (.names)                                           0.235     2.576
[7529].in[3] (.names)                                            0.100     2.676
[7529].out[0] (.names)                                           0.235     2.911
o_9_.in[0] (.names)                                              0.339     3.250
o_9_.out[0] (.names)                                             0.235     3.485
out:o_9_.outpad[0] (.output)                                     0.865     4.350
data arrival time                                                          4.350

clock virtual_io_clock (rise edge)                               0.000     0.000
clock source latency                                             0.000     0.000
clock uncertainty                                                0.000     0.000
output external delay                                            0.000     0.000
data required time                                                         0.000
--------------------------------------------------------------------------------
data required time                                                         0.000
data arrival time                                                         -4.350
--------------------------------------------------------------------------------
slack (VIOLATED)                                                          -4.350


#Path 21
Startpoint: i_34_.inpad[0] (.input clocked by virtual_io_clock)
Endpoint  : out:o_30_.outpad[0] (.output clocked by virtual_io_clock)
Path Type : setup

Point                                                             Incr      Path
--------------------------------------------------------------------------------
clock virtual_io_clock (rise edge)                               0.000     0.000
clock source latency                                             0.000     0.000
input external delay                                             0.000     0.000
i_34_.inpad[0] (.input)                                          0.000     0.000
n_n1074.in[1] (.names)                                           0.724     0.724
n_n1074.out[0] (.names)                                          0.235     0.959
[348].in[2] (.names)                                             0.569     1.528
[348].out[0] (.names)                                            0.235     1.763
[571].in[0] (.names)                                             1.149     2.912
[571].out[0] (.names)                                            0.235     3.147
o_30_.in[2] (.names)                                             0.489     3.636
o_30_.out[0] (.names)                                            0.235     3.871
out:o_30_.outpad[0] (.output)                                    0.477     4.348
data arrival time                                                          4.348

clock virtual_io_clock (rise edge)                               0.000     0.000
clock source latency                                             0.000     0.000
clock uncertainty                                                0.000     0.000
output external delay                                            0.000     0.000
data required time                                                         0.000
--------------------------------------------------------------------------------
data required time                                                         0.000
data arrival time                                                         -4.348
--------------------------------------------------------------------------------
slack (VIOLATED)                                                          -4.348


#Path 22
Startpoint: i_34_.inpad[0] (.input clocked by virtual_io_clock)
Endpoint  : out:o_31_.outpad[0] (.output clocked by virtual_io_clock)
Path Type : setup

Point                                                             Incr      Path
--------------------------------------------------------------------------------
clock virtual_io_clock (rise edge)                               0.000     0.000
clock source latency                                             0.000     0.000
input external delay                                             0.000     0.000
i_34_.inpad[0] (.input)                                          0.000     0.000
[50].in[1] (.names)                                              1.223     1.223
[50].out[0] (.names)                                             0.235     1.458
[240].in[1] (.names)                                             0.631     2.089
[240].out[0] (.names)                                            0.235     2.324
[7354].in[1] (.names)                                            0.490     2.814
[7354].out[0] (.names)                                           0.235     3.049
[7359].in[1] (.names)                                            0.100     3.149
[7359].out[0] (.names)                                           0.235     3.384
o_31_.in[2] (.names)                                             0.100     3.484
o_31_.out[0] (.names)                                            0.235     3.719
out:o_31_.outpad[0] (.output)                                    0.608     4.327
data arrival time                                                          4.327

clock virtual_io_clock (rise edge)                               0.000     0.000
clock source latency                                             0.000     0.000
clock uncertainty                                                0.000     0.000
output external delay                                            0.000     0.000
data required time                                                         0.000
--------------------------------------------------------------------------------
data required time                                                         0.000
data arrival time                                                         -4.327
--------------------------------------------------------------------------------
slack (VIOLATED)                                                          -4.327


#Path 23
Startpoint: i_31_.inpad[0] (.input clocked by virtual_io_clock)
Endpoint  : out:o_11_.outpad[0] (.output clocked by virtual_io_clock)
Path Type : setup

Point                                                             Incr      Path
--------------------------------------------------------------------------------
clock virtual_io_clock (rise edge)                               0.000     0.000
clock source latency                                             0.000     0.000
input external delay                                             0.000     0.000
i_31_.inpad[0] (.input)                                          0.000     0.000
[422].in[1] (.names)                                             0.902     0.902
[422].out[0] (.names)                                            0.235     1.137
[1620].in[0] (.names)                                            0.636     1.773
[1620].out[0] (.names)                                           0.235     2.008
[7021].in[1] (.names)                                            0.611     2.619
[7021].out[0] (.names)                                           0.235     2.854
o_11_.in[3] (.names)                                             0.600     3.455
o_11_.out[0] (.names)                                            0.235     3.690
out:o_11_.outpad[0] (.output)                                    0.613     4.302
data arrival time                                                          4.302

clock virtual_io_clock (rise edge)                               0.000     0.000
clock source latency                                             0.000     0.000
clock uncertainty                                                0.000     0.000
output external delay                                            0.000     0.000
data required time                                                         0.000
--------------------------------------------------------------------------------
data required time                                                         0.000
data arrival time                                                         -4.302
--------------------------------------------------------------------------------
slack (VIOLATED)                                                          -4.302


#Path 24
Startpoint: i_39_.inpad[0] (.input clocked by virtual_io_clock)
Endpoint  : out:o_29_.outpad[0] (.output clocked by virtual_io_clock)
Path Type : setup

Point                                                             Incr      Path
--------------------------------------------------------------------------------
clock virtual_io_clock (rise edge)                               0.000     0.000
clock source latency                                             0.000     0.000
input external delay                                             0.000     0.000
i_39_.inpad[0] (.input)                                          0.000     0.000
n_n795.in[0] (.names)                                            0.801     0.801
n_n795.out[0] (.names)                                           0.235     1.036
n_n1993.in[2] (.names)                                           0.608     1.644
n_n1993.out[0] (.names)                                          0.235     1.879
[6933].in[0] (.names)                                            0.455     2.334
[6933].out[0] (.names)                                           0.235     2.569
o_29_.in[1] (.names)                                             0.630     3.199
o_29_.out[0] (.names)                                            0.235     3.434
out:o_29_.outpad[0] (.output)                                    0.854     4.288
data arrival time                                                          4.288

clock virtual_io_clock (rise edge)                               0.000     0.000
clock source latency                                             0.000     0.000
clock uncertainty                                                0.000     0.000
output external delay                                            0.000     0.000
data required time                                                         0.000
--------------------------------------------------------------------------------
data required time                                                         0.000
data arrival time                                                         -4.288
--------------------------------------------------------------------------------
slack (VIOLATED)                                                          -4.288


#Path 25
Startpoint: i_34_.inpad[0] (.input clocked by virtual_io_clock)
Endpoint  : out:o_19_.outpad[0] (.output clocked by virtual_io_clock)
Path Type : setup

Point                                                             Incr      Path
--------------------------------------------------------------------------------
clock virtual_io_clock (rise edge)                               0.000     0.000
clock source latency                                             0.000     0.000
input external delay                                             0.000     0.000
i_34_.inpad[0] (.input)                                          0.000     0.000
n_n1074.in[1] (.names)                                           0.724     0.724
n_n1074.out[0] (.names)                                          0.235     0.959
[335].in[2] (.names)                                             0.729     1.688
[335].out[0] (.names)                                            0.235     1.923
[1867].in[2] (.names)                                            0.641     2.564
[1867].out[0] (.names)                                           0.235     2.799
o_19_.in[0] (.names)                                             0.627     3.426
o_19_.out[0] (.names)                                            0.235     3.661
out:o_19_.outpad[0] (.output)                                    0.517     4.178
data arrival time                                                          4.178

clock virtual_io_clock (rise edge)                               0.000     0.000
clock source latency                                             0.000     0.000
clock uncertainty                                                0.000     0.000
output external delay                                            0.000     0.000
data required time                                                         0.000
--------------------------------------------------------------------------------
data required time                                                         0.000
data arrival time                                                         -4.178
--------------------------------------------------------------------------------
slack (VIOLATED)                                                          -4.178


#Path 26
Startpoint: i_37_.inpad[0] (.input clocked by virtual_io_clock)
Endpoint  : out:o_28_.outpad[0] (.output clocked by virtual_io_clock)
Path Type : setup

Point                                                             Incr      Path
--------------------------------------------------------------------------------
clock virtual_io_clock (rise edge)                               0.000     0.000
clock source latency                                             0.000     0.000
input external delay                                             0.000     0.000
i_37_.inpad[0] (.input)                                          0.000     0.000
n_n1073.in[2] (.names)                                           0.787     0.787
n_n1073.out[0] (.names)                                          0.235     1.022
[542].in[2] (.names)                                             0.628     1.650
[542].out[0] (.names)                                            0.235     1.885
[7043].in[3] (.names)                                            0.632     2.518
[7043].out[0] (.names)                                           0.235     2.753
o_28_.in[3] (.names)                                             0.100     2.853
o_28_.out[0] (.names)                                            0.235     3.088
out:o_28_.outpad[0] (.output)                                    0.926     4.014
data arrival time                                                          4.014

clock virtual_io_clock (rise edge)                               0.000     0.000
clock source latency                                             0.000     0.000
clock uncertainty                                                0.000     0.000
output external delay                                            0.000     0.000
data required time                                                         0.000
--------------------------------------------------------------------------------
data required time                                                         0.000
data arrival time                                                         -4.014
--------------------------------------------------------------------------------
slack (VIOLATED)                                                          -4.014


#Path 27
Startpoint: i_36_.inpad[0] (.input clocked by virtual_io_clock)
Endpoint  : out:o_26_.outpad[0] (.output clocked by virtual_io_clock)
Path Type : setup

Point                                                             Incr      Path
--------------------------------------------------------------------------------
clock virtual_io_clock (rise edge)                               0.000     0.000
clock source latency                                             0.000     0.000
input external delay                                             0.000     0.000
i_36_.inpad[0] (.input)                                          0.000     0.000
n_n970.in[0] (.names)                                            0.937     0.937
n_n970.out[0] (.names)                                           0.235     1.172
n_n1990.in[1] (.names)                                           0.481     1.653
n_n1990.out[0] (.names)                                          0.235     1.888
[7000].in[1] (.names)                                            0.699     2.588
[7000].out[0] (.names)                                           0.235     2.823
[7005].in[1] (.names)                                            0.100     2.923
[7005].out[0] (.names)                                           0.235     3.158
o_26_.in[3] (.names)                                             0.100     3.258
o_26_.out[0] (.names)                                            0.235     3.493
out:o_26_.outpad[0] (.output)                                    0.474     3.967
data arrival time                                                          3.967

clock virtual_io_clock (rise edge)                               0.000     0.000
clock source latency                                             0.000     0.000
clock uncertainty                                                0.000     0.000
output external delay                                            0.000     0.000
data required time                                                         0.000
--------------------------------------------------------------------------------
data required time                                                         0.000
data arrival time                                                         -3.967
--------------------------------------------------------------------------------
slack (VIOLATED)                                                          -3.967


#Path 28
Startpoint: i_38_.inpad[0] (.input clocked by virtual_io_clock)
Endpoint  : out:o_21_.outpad[0] (.output clocked by virtual_io_clock)
Path Type : setup

Point                                                             Incr      Path
--------------------------------------------------------------------------------
clock virtual_io_clock (rise edge)                               0.000     0.000
clock source latency                                             0.000     0.000
input external delay                                             0.000     0.000
i_38_.inpad[0] (.input)                                          0.000     0.000
n_n693.in[1] (.names)                                            0.796     0.796
n_n693.out[0] (.names)                                           0.235     1.031
[1510].in[1] (.names)                                            0.639     1.670
[1510].out[0] (.names)                                           0.235     1.905
[1506].in[2] (.names)                                            0.697     2.602
[1506].out[0] (.names)                                           0.235     2.837
o_21_.in[2] (.names)                                             0.100     2.937
o_21_.out[0] (.names)                                            0.235     3.172
out:o_21_.outpad[0] (.output)                                    0.628     3.800
data arrival time                                                          3.800

clock virtual_io_clock (rise edge)                               0.000     0.000
clock source latency                                             0.000     0.000
clock uncertainty                                                0.000     0.000
output external delay                                            0.000     0.000
data required time                                                         0.000
--------------------------------------------------------------------------------
data required time                                                         0.000
data arrival time                                                         -3.800
--------------------------------------------------------------------------------
slack (VIOLATED)                                                          -3.800


#Path 29
Startpoint: i_39_.inpad[0] (.input clocked by virtual_io_clock)
Endpoint  : out:o_16_.outpad[0] (.output clocked by virtual_io_clock)
Path Type : setup

Point                                                             Incr      Path
--------------------------------------------------------------------------------
clock virtual_io_clock (rise edge)                               0.000     0.000
clock source latency                                             0.000     0.000
input external delay                                             0.000     0.000
i_39_.inpad[0] (.input)                                          0.000     0.000
n_n997.in[0] (.names)                                            1.185     1.185
n_n997.out[0] (.names)                                           0.235     1.420
[1499].in[2] (.names)                                            0.754     2.173
[1499].out[0] (.names)                                           0.235     2.408
[7118].in[2] (.names)                                            0.100     2.508
[7118].out[0] (.names)                                           0.235     2.743
o_16_.in[2] (.names)                                             0.100     2.843
o_16_.out[0] (.names)                                            0.235     3.078
out:o_16_.outpad[0] (.output)                                    0.602     3.680
data arrival time                                                          3.680

clock virtual_io_clock (rise edge)                               0.000     0.000
clock source latency                                             0.000     0.000
clock uncertainty                                                0.000     0.000
output external delay                                            0.000     0.000
data required time                                                         0.000
--------------------------------------------------------------------------------
data required time                                                         0.000
data arrival time                                                         -3.680
--------------------------------------------------------------------------------
slack (VIOLATED)                                                          -3.680


#Path 30
Startpoint: i_36_.inpad[0] (.input clocked by virtual_io_clock)
Endpoint  : out:o_13_.outpad[0] (.output clocked by virtual_io_clock)
Path Type : setup

Point                                                             Incr      Path
--------------------------------------------------------------------------------
clock virtual_io_clock (rise edge)                               0.000     0.000
clock source latency                                             0.000     0.000
input external delay                                             0.000     0.000
i_36_.inpad[0] (.input)                                          0.000     0.000
n_n968.in[0] (.names)                                            0.712     0.712
n_n968.out[0] (.names)                                           0.235     0.947
[225].in[1] (.names)                                             0.870     1.817
[225].out[0] (.names)                                            0.235     2.052
o_13_.in[0] (.names)                                             0.487     2.539
o_13_.out[0] (.names)                                            0.235     2.774
out:o_13_.outpad[0] (.output)                                    0.853     3.627
data arrival time                                                          3.627

clock virtual_io_clock (rise edge)                               0.000     0.000
clock source latency                                             0.000     0.000
clock uncertainty                                                0.000     0.000
output external delay                                            0.000     0.000
data required time                                                         0.000
--------------------------------------------------------------------------------
data required time                                                         0.000
data arrival time                                                         -3.627
--------------------------------------------------------------------------------
slack (VIOLATED)                                                          -3.627


#Path 31
Startpoint: i_38_.inpad[0] (.input clocked by virtual_io_clock)
Endpoint  : out:o_12_.outpad[0] (.output clocked by virtual_io_clock)
Path Type : setup

Point                                                             Incr      Path
--------------------------------------------------------------------------------
clock virtual_io_clock (rise edge)                               0.000     0.000
clock source latency                                             0.000     0.000
input external delay                                             0.000     0.000
i_38_.inpad[0] (.input)                                          0.000     0.000
[100].in[0] (.names)                                             0.947     0.947
[100].out[0] (.names)                                            0.235     1.182
[1650].in[3] (.names)                                            0.485     1.667
[1650].out[0] (.names)                                           0.235     1.902
o_12_.in[1] (.names)                                             0.485     2.386
o_12_.out[0] (.names)                                            0.235     2.621
out:o_12_.outpad[0] (.output)                                    0.536     3.157
data arrival time                                                          3.157

clock virtual_io_clock (rise edge)                               0.000     0.000
clock source latency                                             0.000     0.000
clock uncertainty                                                0.000     0.000
output external delay                                            0.000     0.000
data required time                                                         0.000
--------------------------------------------------------------------------------
data required time                                                         0.000
data arrival time                                                         -3.157
--------------------------------------------------------------------------------
slack (VIOLATED)                                                          -3.157


#Path 32
Startpoint: i_32_.inpad[0] (.input clocked by virtual_io_clock)
Endpoint  : out:o_8_.outpad[0] (.output clocked by virtual_io_clock)
Path Type : setup

Point                                                             Incr      Path
--------------------------------------------------------------------------------
clock virtual_io_clock (rise edge)                               0.000     0.000
clock source latency                                             0.000     0.000
input external delay                                             0.000     0.000
i_32_.inpad[0] (.input)                                          0.000     0.000
[45].in[0] (.names)                                              0.804     0.804
[45].out[0] (.names)                                             0.235     1.039
[7550].in[1] (.names)                                            1.065     2.104
[7550].out[0] (.names)                                           0.235     2.339
o_8_.in[3] (.names)                                              0.100     2.439
o_8_.out[0] (.names)                                             0.235     2.674
out:o_8_.outpad[0] (.output)                                     0.480     3.155
data arrival time                                                          3.155

clock virtual_io_clock (rise edge)                               0.000     0.000
clock source latency                                             0.000     0.000
clock uncertainty                                                0.000     0.000
output external delay                                            0.000     0.000
data required time                                                         0.000
--------------------------------------------------------------------------------
data required time                                                         0.000
data arrival time                                                         -3.155
--------------------------------------------------------------------------------
slack (VIOLATED)                                                          -3.155


#Path 33
Startpoint: i_39_.inpad[0] (.input clocked by virtual_io_clock)
Endpoint  : out:o_14_.outpad[0] (.output clocked by virtual_io_clock)
Path Type : setup

Point                                                             Incr      Path
--------------------------------------------------------------------------------
clock virtual_io_clock (rise edge)                               0.000     0.000
clock source latency                                             0.000     0.000
input external delay                                             0.000     0.000
i_39_.inpad[0] (.input)                                          0.000     0.000
n_n975.in[0] (.names)                                            0.801     0.801
n_n975.out[0] (.names)                                           0.235     1.036
[1588].in[1] (.names)                                            0.852     1.888
[1588].out[0] (.names)                                           0.235     2.123
o_14_.in[1] (.names)                                             0.100     2.223
o_14_.out[0] (.names)                                            0.235     2.458
out:o_14_.outpad[0] (.output)                                    0.599     3.057
data arrival time                                                          3.057

clock virtual_io_clock (rise edge)                               0.000     0.000
clock source latency                                             0.000     0.000
clock uncertainty                                                0.000     0.000
output external delay                                            0.000     0.000
data required time                                                         0.000
--------------------------------------------------------------------------------
data required time                                                         0.000
data arrival time                                                         -3.057
--------------------------------------------------------------------------------
slack (VIOLATED)                                                          -3.057


#Path 34
Startpoint: i_36_.inpad[0] (.input clocked by virtual_io_clock)
Endpoint  : out:o_32_.outpad[0] (.output clocked by virtual_io_clock)
Path Type : setup

Point                                                             Incr      Path
--------------------------------------------------------------------------------
clock virtual_io_clock (rise edge)                               0.000     0.000
clock source latency                                             0.000     0.000
input external delay                                             0.000     0.000
i_36_.inpad[0] (.input)                                          0.000     0.000
n_n979.in[1] (.names)                                            0.594     0.594
n_n979.out[0] (.names)                                           0.235     0.829
o_32_.in[0] (.names)                                             0.868     1.698
o_32_.out[0] (.names)                                            0.235     1.933
out:o_32_.outpad[0] (.output)                                    0.258     2.191
data arrival time                                                          2.191

clock virtual_io_clock (rise edge)                               0.000     0.000
clock source latency                                             0.000     0.000
clock uncertainty                                                0.000     0.000
output external delay                                            0.000     0.000
data required time                                                         0.000
--------------------------------------------------------------------------------
data required time                                                         0.000
data arrival time                                                         -2.191
--------------------------------------------------------------------------------
slack (VIOLATED)                                                          -2.191


#Path 35
Startpoint: i_33_.inpad[0] (.input clocked by virtual_io_clock)
Endpoint  : out:o_15_.outpad[0] (.output clocked by virtual_io_clock)
Path Type : setup

Point                                                             Incr      Path
--------------------------------------------------------------------------------
clock virtual_io_clock (rise edge)                               0.000     0.000
clock source latency                                             0.000     0.000
input external delay                                             0.000     0.000
i_33_.inpad[0] (.input)                                          0.000     0.000
o_15_.in[1] (.names)                                             0.799     0.799
o_15_.out[0] (.names)                                            0.235     1.034
out:o_15_.outpad[0] (.output)                                    0.629     1.663
data arrival time                                                          1.663

clock virtual_io_clock (rise edge)                               0.000     0.000
clock source latency                                             0.000     0.000
clock uncertainty                                                0.000     0.000
output external delay                                            0.000     0.000
data required time                                                         0.000
--------------------------------------------------------------------------------
data required time                                                         0.000
data arrival time                                                         -1.663
--------------------------------------------------------------------------------
slack (VIOLATED)                                                          -1.663


#End of timing report
